Archive member included to satisfy reference by file (symbol)

C:/Users/Sara/.pico-sdk/toolchain/13_3_Rel1/bin/../lib/gcc/arm-none-eabi/13.3.1/thumb/v6-m/nofp\libgcc.a(_dvmd_tls.o)
                              CMakeFiles/pwm_02.dir/C_/Users/Sara/.pico-sdk/sdk/2.1.0/src/rp2_common/pico_divider/divider_hardware.S.obj (__aeabi_idiv0)
C:/Users/Sara/.pico-sdk/toolchain/13_3_Rel1/bin/../lib/gcc/arm-none-eabi/13.3.1/thumb/v6-m/nofp\libg.a(libc_a-calloc.o)
                              CMakeFiles/pwm_02.dir/C_/Users/Sara/.pico-sdk/sdk/2.1.0/src/rp2_common/pico_malloc/malloc.c.obj (calloc)
C:/Users/Sara/.pico-sdk/toolchain/13_3_Rel1/bin/../lib/gcc/arm-none-eabi/13.3.1/thumb/v6-m/nofp\libg.a(libc_a-callocr.o)
                              C:/Users/Sara/.pico-sdk/toolchain/13_3_Rel1/bin/../lib/gcc/arm-none-eabi/13.3.1/thumb/v6-m/nofp\libg.a(libc_a-calloc.o) (_calloc_r)
C:/Users/Sara/.pico-sdk/toolchain/13_3_Rel1/bin/../lib/gcc/arm-none-eabi/13.3.1/thumb/v6-m/nofp\libg.a(libc_a-malloc.o)
                              CMakeFiles/pwm_02.dir/C_/Users/Sara/.pico-sdk/sdk/2.1.0/src/rp2_common/pico_malloc/malloc.c.obj (malloc)
C:/Users/Sara/.pico-sdk/toolchain/13_3_Rel1/bin/../lib/gcc/arm-none-eabi/13.3.1/thumb/v6-m/nofp\libg.a(libc_a-mallocr.o)
                              C:/Users/Sara/.pico-sdk/toolchain/13_3_Rel1/bin/../lib/gcc/arm-none-eabi/13.3.1/thumb/v6-m/nofp\libg.a(libc_a-callocr.o) (_malloc_r)
C:/Users/Sara/.pico-sdk/toolchain/13_3_Rel1/bin/../lib/gcc/arm-none-eabi/13.3.1/thumb/v6-m/nofp\libg.a(libc_a-mlock.o)
                              C:/Users/Sara/.pico-sdk/toolchain/13_3_Rel1/bin/../lib/gcc/arm-none-eabi/13.3.1/thumb/v6-m/nofp\libg.a(libc_a-mallocr.o) (__malloc_lock)
C:/Users/Sara/.pico-sdk/toolchain/13_3_Rel1/bin/../lib/gcc/arm-none-eabi/13.3.1/thumb/v6-m/nofp\libg.a(libc_a-realloc.o)
                              CMakeFiles/pwm_02.dir/C_/Users/Sara/.pico-sdk/sdk/2.1.0/src/rp2_common/pico_malloc/malloc.c.obj (realloc)
C:/Users/Sara/.pico-sdk/toolchain/13_3_Rel1/bin/../lib/gcc/arm-none-eabi/13.3.1/thumb/v6-m/nofp\libg.a(libc_a-reallocr.o)
                              C:/Users/Sara/.pico-sdk/toolchain/13_3_Rel1/bin/../lib/gcc/arm-none-eabi/13.3.1/thumb/v6-m/nofp\libg.a(libc_a-realloc.o) (_realloc_r)
C:/Users/Sara/.pico-sdk/toolchain/13_3_Rel1/bin/../lib/gcc/arm-none-eabi/13.3.1/thumb/v6-m/nofp\libg.a(libc_a-memcmp.o)
                              CMakeFiles/pwm_02.dir/C_/Users/Sara/.pico-sdk/sdk/2.1.0/src/rp2_common/pico_atomic/atomic.c.obj (memcmp)
C:/Users/Sara/.pico-sdk/toolchain/13_3_Rel1/bin/../lib/gcc/arm-none-eabi/13.3.1/thumb/v6-m/nofp\libg.a(libc_a-memmove.o)
                              C:/Users/Sara/.pico-sdk/toolchain/13_3_Rel1/bin/../lib/gcc/arm-none-eabi/13.3.1/thumb/v6-m/nofp\libg.a(libc_a-reallocr.o) (memmove)
C:/Users/Sara/.pico-sdk/toolchain/13_3_Rel1/bin/../lib/gcc/arm-none-eabi/13.3.1/thumb/v6-m/nofp\libg.a(libc_a-lcltime_r.o)
                              CMakeFiles/pwm_02.dir/C_/Users/Sara/.pico-sdk/sdk/2.1.0/src/common/pico_util/datetime.c.obj (localtime_r)
C:/Users/Sara/.pico-sdk/toolchain/13_3_Rel1/bin/../lib/gcc/arm-none-eabi/13.3.1/thumb/v6-m/nofp\libg.a(libc_a-mktime.o)
                              CMakeFiles/pwm_02.dir/C_/Users/Sara/.pico-sdk/sdk/2.1.0/src/common/pico_util/datetime.c.obj (mktime)
C:/Users/Sara/.pico-sdk/toolchain/13_3_Rel1/bin/../lib/gcc/arm-none-eabi/13.3.1/thumb/v6-m/nofp\libg.a(libc_a-month_lengths.o)
                              C:/Users/Sara/.pico-sdk/toolchain/13_3_Rel1/bin/../lib/gcc/arm-none-eabi/13.3.1/thumb/v6-m/nofp\libg.a(libc_a-lcltime_r.o) (__month_lengths)
C:/Users/Sara/.pico-sdk/toolchain/13_3_Rel1/bin/../lib/gcc/arm-none-eabi/13.3.1/thumb/v6-m/nofp\libg.a(libc_a-tzcalc_limits.o)
                              C:/Users/Sara/.pico-sdk/toolchain/13_3_Rel1/bin/../lib/gcc/arm-none-eabi/13.3.1/thumb/v6-m/nofp\libg.a(libc_a-lcltime_r.o) (__tzcalc_limits)
C:/Users/Sara/.pico-sdk/toolchain/13_3_Rel1/bin/../lib/gcc/arm-none-eabi/13.3.1/thumb/v6-m/nofp\libg.a(libc_a-tzlock.o)
                              C:/Users/Sara/.pico-sdk/toolchain/13_3_Rel1/bin/../lib/gcc/arm-none-eabi/13.3.1/thumb/v6-m/nofp\libg.a(libc_a-lcltime_r.o) (__tz_lock)
C:/Users/Sara/.pico-sdk/toolchain/13_3_Rel1/bin/../lib/gcc/arm-none-eabi/13.3.1/thumb/v6-m/nofp\libg.a(libc_a-tzset.o)
                              C:/Users/Sara/.pico-sdk/toolchain/13_3_Rel1/bin/../lib/gcc/arm-none-eabi/13.3.1/thumb/v6-m/nofp\libg.a(libc_a-lcltime_r.o) (_tzset_unlocked)
C:/Users/Sara/.pico-sdk/toolchain/13_3_Rel1/bin/../lib/gcc/arm-none-eabi/13.3.1/thumb/v6-m/nofp\libg.a(libc_a-tzset_r.o)
                              C:/Users/Sara/.pico-sdk/toolchain/13_3_Rel1/bin/../lib/gcc/arm-none-eabi/13.3.1/thumb/v6-m/nofp\libg.a(libc_a-tzset.o) (_tzset_unlocked_r)
C:/Users/Sara/.pico-sdk/toolchain/13_3_Rel1/bin/../lib/gcc/arm-none-eabi/13.3.1/thumb/v6-m/nofp\libg.a(libc_a-tzvars.o)
[...]
Memory Configuration

Name             Origin             Length             Attributes
FLASH            0x10000000         0x00200000         xr
RAM              0x20000000         0x00040000         xrw
SCRATCH_X        0x20040000         0x00001000         xrw
SCRATCH_Y        0x20041000         0x00001000         xrw
*default*        0x00000000         0xffffffff

Linker script and memory map

LOAD C:/Users/Sara/.pico-sdk/toolchain/13_3_Rel1/bin/../lib/gcc/arm-none-eabi/13.3.1/thumb/v6-m/nofp/crti.o
LOAD C:/Users/Sara/.pico-sdk/toolchain/13_3_Rel1/bin/../lib/gcc/arm-none-eabi/13.3.1/thumb/v6-m/nofp/crtbegin.o
LOAD C:/Users/Sara/.pico-sdk/toolchain/13_3_Rel1/bin/../lib/gcc/arm-none-eabi/13.3.1/thumb/v6-m/nofp/crt0.o

.flash_begin    0x10000000        0x0
                0x10000000                        __flash_binary_start = .

.boot2          0x10000000      0x100
                0x10000000                        __boot2_start__ = .
 *(.boot2)
 .boot2         0x10000000      0x100 pico-sdk/src/rp2040/boot_stage2/CMakeFiles/bs2_default_library.dir/./bs2_default_padded_checksummed.S.obj
                0x10000100                        __boot2_end__ = .
                0x00000001                        ASSERT (((__boot2_end__ - __boot2_start__) == 0x100), ERROR: Pico second stage bootloader must be 256 bytes in size)

.text           0x10000100     0x44ec
                0x10000100                        __logical_binary_start = .
 *(.vectors)
 .vectors       0x10000100       0xd4 CMakeFiles/pwm_02.dir/C_/Users/Sara/.pico-sdk/sdk/2.1.0/src/rp2_common/pico_crt0/crt0.S.obj
                0x10000100                __VECTOR_TABLE
                0x10000100                __vectors
                0x100001c0                isr_invalid
                0x100001c0                __default_isrs_start
                0x100001c2                isr_nmi
                0x100001c4                isr_hardfault
                0x100001c6                isr_svcall
                0x100001c8                isr_pendsv
                0x100001ca                isr_systick
                0x100001cc                isr_irq23
                0x100001cc                isr_irq18
                0x100001cc                isr_irq11
                0x100001cc                isr_irq28
                0x100001cc                isr_irq19
                0x100001cc                isr_irq0
                0x100001cc                isr_irq6
                0x100001cc                isr_irq5
                0x100001cc                isr_irq12
                0x100001cc                isr_irq22
                0x100001cc                isr_irq31
                0x100001cc                isr_irq17
                0x100001cc                isr_irq27
                0x100001cc                isr_irq30
                0x100001cc                isr_irq2
                0x100001cc                isr_irq10
                0x100001cc                isr_irq8
                0x100001cc                isr_irq24
                0x100001cc                isr_irq1
                0x100001cc                isr_irq7
                0x100001cc                isr_irq21
                0x100001cc                isr_irq20
                0x100001cc                isr_irq15
                0x100001cc                isr_irq25
                0x100001cc                isr_irq13
                0x100001cc                __unhandled_user_irq
                0x100001cc                isr_irq4
                0x100001cc                isr_irq16
                0x100001cc                isr_irq29
                0x100001cc                isr_irq26
                0x100001cc                __default_isrs_end
                0x100001cc                isr_irq3
                0x100001cc                isr_irq14
                0x100001cc                isr_irq9
                0x100001d2                unhandled_user_irq_num_in_r0
 *(.binary_info_header)
 .binary_info_header
                0x100001d4       0x14 CMakeFiles/pwm_02.dir/C_/Users/Sara/.pico-sdk/sdk/2.1.0/src/rp2_common/pico_crt0/crt0.S.obj
                0x100001e8                        __binary_info_header_end = .
 *(.embedded_block)
                0x100001e8                        __embedded_block_end = .
 *(.reset)
 .reset         0x100001e8       0x9c CMakeFiles/pwm_02.dir/C_/Users/Sara/.pico-sdk/sdk/2.1.0/src/rp2_common/pico_crt0/crt0.S.obj
                0x100001e8                _entry_point
 *(.init)
 .init          0x10000284        0x4 C:/Users/Sara/.pico-sdk/toolchain/13_3_Rel1/bin/../lib/gcc/arm-none-eabi/13.3.1/thumb/v6-m/nofp/crti.o
                0x10000284                _init
 *(EXCLUDE_FILE(*libm.a: *libc.a:*lib_a-mem*.o *libgcc.a:) .text*)
 .text.register_tm_clones
                0x10000288       0x28 C:/Users/Sara/.pico-sdk/toolchain/13_3_Rel1/bin/../lib/gcc/arm-none-eabi/13.3.1/thumb/v6-m/nofp/crtbegin.o
 .text.frame_dummy
                0x100002b0       0x24 C:/Users/Sara/.pico-sdk/toolchain/13_3_Rel1/bin/../lib/gcc/arm-none-eabi/13.3.1/thumb/v6-m/nofp/crtbegin.o
 .text.config_pwm
                0x100002d4       0x54 CMakeFiles/pwm_02.dir/pwm_02.c.obj
                0x100002d4                config_pwm
 .text.movimento_primario
                0x10000328       0x48 CMakeFiles/pwm_02.dir/pwm_02.c.obj
                0x10000328                movimento_primario
 .text.startup.main
                0x10000370       0x64 CMakeFiles/pwm_02.dir/pwm_02.c.obj
                0x10000370                main
 .text.gpio_set_function
                0x100003d4       0x34 CMakeFiles/pwm_02.dir/C_/Users/Sara/.pico-sdk/sdk/2.1.0/src/rp2_common/hardware_gpio/gpio.c.obj
                0x100003d4                gpio_set_function
 .text.rp2040_chip_version
                0x10000408        0xc CMakeFiles/pwm_02.dir/C_/Users/Sara/.pico-sdk/sdk/2.1.0/src/rp2040/pico_platform/platform.c.obj
                0x10000408                rp2040_chip_version
 .text.panic    0x10000414       0x30 CMakeFiles/pwm_02.dir/C_/Users/Sara/.pico-sdk/sdk/2.1.0/src/rp2_common/pico_platform_panic/panic.c.obj
                0x10000414                panic
 .text.hw_claim_or_assert
                0x10000444       0x44 CMakeFiles/pwm_02.dir/C_/Users/Sara/.pico-sdk/sdk/2.1.0/src/common/hardware_claim/claim.c.obj
                0x10000444                hw_claim_or_assert
 .text.hw_claim_unused_from_range
                0x10000488       0x9c CMakeFiles/pwm_02.dir/C_/Users/Sara/.pico-sdk/sdk/2.1.0/src/common/hardware_claim/claim.c.obj
                0x10000488                hw_claim_unused_from_range
 .text.next_striped_spin_lock_num
                0x10000524       0x18 CMakeFiles/pwm_02.dir/C_/Users/Sara/.pico-sdk/sdk/2.1.0/src/rp2_common/hardware_sync/sync.c.obj
                0x10000524                next_striped_spin_lock_num
 .text.spin_lock_claim_unused
                0x1000053c       0x24 CMakeFiles/pwm_02.dir/C_/Users/Sara/.pico-sdk/sdk/2.1.0/src/rp2_common/hardware_sync/sync.c.obj
                0x1000053c                spin_lock_claim_unused
 .text.spin_locks_reset
                0x10000560       0x1c CMakeFiles/pwm_02.dir/C_/Users/Sara/.pico-sdk/sdk/2.1.0/src/rp2_common/hardware_sync_spin_lock/sync_spin_lock.c.obj
                0x10000560                spin_locks_reset
 .text.runtime_init_per_core_irq_priorities
                0x1000057c       0x24 CMakeFiles/pwm_02.dir/C_/Users/Sara/.pico-sdk/sdk/2.1.0/src/rp2_common/hardware_irq/irq.c.obj
                0x1000057c                runtime_init_per_core_irq_priorities
 .text.irq_set_enabled
                0x100005a0       0x24 CMakeFiles/pwm_02.dir/C_/Users/Sara/.pico-sdk/sdk/2.1.0/src/rp2_common/hardware_irq/irq.c.obj
                0x100005a0                irq_set_enabled
 .text.irq_is_enabled
                0x100005c4       0x18 CMakeFiles/pwm_02.dir/C_/Users/Sara/.pico-sdk/sdk/2.1.0/src/rp2_common/hardware_irq/irq.c.obj
                0x100005c4                irq_is_enabled
 .text.irq_set_pending
                0x100005dc       0x10 CMakeFiles/pwm_02.dir/C_/Users/Sara/.pico-sdk/sdk/2.1.0/src/rp2_common/hardware_irq/irq.c.obj
                0x100005dc                irq_set_pending
 .text.irq_has_shared_handler
                0x100005ec       0x2c CMakeFiles/pwm_02.dir/C_/Users/Sara/.pico-sdk/sdk/2.1.0/src/rp2_common/hardware_irq/irq.c.obj
                0x100005ec                irq_has_shared_handler
 .text.irq_set_exclusive_handler
                0x10000618       0x54 CMakeFiles/pwm_02.dir/C_/Users/Sara/.pico-sdk/sdk/2.1.0/src/rp2_common/hardware_irq/irq.c.obj
                0x10000618                irq_set_exclusive_handler
 .text.irq_add_shared_handler
                0x1000066c      0x1f4 CMakeFiles/pwm_02.dir/C_/Users/Sara/.pico-sdk/sdk/2.1.0/src/rp2_common/hardware_irq/irq.c.obj
                0x1000066c                irq_add_shared_handler
 .text.irq_add_tail_to_free_list
                0x10000860       0xb4 CMakeFiles/pwm_02.dir/C_/Users/Sara/.pico-sdk/sdk/2.1.0/src/rp2_common/hardware_irq/irq.c.obj
                0x10000860                irq_add_tail_to_free_list
 .text.user_irq_claim_unused
                0x10000914       0x2c CMakeFiles/pwm_02.dir/C_/Users/Sara/.pico-sdk/sdk/2.1.0/src/rp2_common/hardware_irq/irq.c.obj
                0x10000914                user_irq_claim_unused
 .text.lock_init
                0x10000940       0x10 CMakeFiles/pwm_02.dir/C_/Users/Sara/.pico-sdk/sdk/2.1.0/src/common/pico_sync/lock_core.c.obj
                0x10000940                lock_init
 .text.runtime_init_mutex
                0x10000950       0x50 CMakeFiles/pwm_02.dir/C_/Users/Sara/.pico-sdk/sdk/2.1.0/src/common/pico_sync/mutex.c.obj
                0x10000950                runtime_init_mutex
 .text.mutex_init
                0x100009a0       0x1c CMakeFiles/pwm_02.dir/C_/Users/Sara/.pico-sdk/sdk/2.1.0/src/common/pico_sync/mutex.c.obj
                0x100009a0                mutex_init
 .text.critical_section_init
                0x100009bc       0x1c CMakeFiles/pwm_02.dir/C_/Users/Sara/.pico-sdk/sdk/2.1.0/src/common/pico_sync/critical_section.c.obj
                0x100009bc                critical_section_init
 .text.critical_section_init_with_lock_num
                0x100009d8       0x14 CMakeFiles/pwm_02.dir/C_/Users/Sara/.pico-sdk/sdk/2.1.0/src/common/pico_sync/critical_section.c.obj
                0x100009d8                critical_section_init_with_lock_num
 .text.sleep_until_callback
                0x100009ec       0x30 CMakeFiles/pwm_02.dir/C_/Users/Sara/.pico-sdk/sdk/2.1.0/src/common/pico_time/time.c.obj
 .text.alarm_pool_irq_handler
                0x10000a1c      0x2fc CMakeFiles/pwm_02.dir/C_/Users/Sara/.pico-sdk/sdk/2.1.0/src/common/pico_time/time.c.obj
 .text.runtime_init_default_alarm_pool
                0x10000d18       0xdc CMakeFiles/pwm_02.dir/C_/Users/Sara/.pico-sdk/sdk/2.1.0/src/common/pico_time/time.c.obj
                0x10000d18                runtime_init_default_alarm_pool
 .text.alarm_pool_get_default
                0x10000df4        0x8 CMakeFiles/pwm_02.dir/C_/Users/Sara/.pico-sdk/sdk/2.1.0/src/common/pico_time/time.c.obj
                0x10000df4                alarm_pool_get_default
 .text.alarm_pool_add_alarm_at
                0x10000dfc       0xd4 CMakeFiles/pwm_02.dir/C_/Users/Sara/.pico-sdk/sdk/2.1.0/src/common/pico_time/time.c.obj
                0x10000dfc                alarm_pool_add_alarm_at
 .text.alarm_pool_add_alarm_at_force_in_context
                0x10000ed0       0xb0 CMakeFiles/pwm_02.dir/C_/Users/Sara/.pico-sdk/sdk/2.1.0/src/common/pico_time/time.c.obj
                0x10000ed0                alarm_pool_add_alarm_at_force_in_context
 .text.alarm_pool_cancel_alarm
                0x10000f80       0x74 CMakeFiles/pwm_02.dir/C_/Users/Sara/.pico-sdk/sdk/2.1.0/src/common/pico_time/time.c.obj
                0x10000f80                alarm_pool_cancel_alarm
 .text.alarm_pool_core_num
                0x10000ff4        0x4 CMakeFiles/pwm_02.dir/C_/Users/Sara/.pico-sdk/sdk/2.1.0/src/common/pico_time/time.c.obj
                0x10000ff4                alarm_pool_core_num
 .text.sleep_until
                0x10000ff8       0xd8 CMakeFiles/pwm_02.dir/C_/Users/Sara/.pico-sdk/sdk/2.1.0/src/common/pico_time/time.c.obj
                0x10000ff8                sleep_until
 .text.sleep_ms
                0x100010d0       0x38 CMakeFiles/pwm_02.dir/C_/Users/Sara/.pico-sdk/sdk/2.1.0/src/common/pico_time/time.c.obj
                0x100010d0                sleep_ms
 .text.best_effort_wfe_or_timeout
                0x10001108       0xe0 CMakeFiles/pwm_02.dir/C_/Users/Sara/.pico-sdk/sdk/2.1.0/src/common/pico_time/time.c.obj
                0x10001108                best_effort_wfe_or_timeout
 .text.timer_hardware_alarm_claim
                0x100011e8       0x14 CMakeFiles/pwm_02.dir/C_/Users/Sara/.pico-sdk/sdk/2.1.0/src/rp2_common/hardware_timer/timer.c.obj
                0x100011e8                timer_hardware_alarm_claim
 .text.timer_time_us_64
                0x100011fc       0x10 CMakeFiles/pwm_02.dir/C_/Users/Sara/.pico-sdk/sdk/2.1.0/src/rp2_common/hardware_timer/timer.c.obj
                0x100011fc                timer_time_us_64
 .text.time_us_64
                0x1000120c       0x14 CMakeFiles/pwm_02.dir/C_/Users/Sara/.pico-sdk/sdk/2.1.0/src/rp2_common/hardware_timer/timer.c.obj
                0x1000120c                time_us_64
 .text.busy_wait_until
                0x10001220       0x20 CMakeFiles/pwm_02.dir/C_/Users/Sara/.pico-sdk/sdk/2.1.0/src/rp2_common/hardware_timer/timer.c.obj
                0x10001220                busy_wait_until
 .text.clock_configure_int_divider
                0x10001240       0xf4 CMakeFiles/pwm_02.dir/C_/Users/Sara/.pico-sdk/sdk/2.1.0/src/rp2_common/hardware_clocks/clocks.c.obj
                0x10001240                clock_configure_int_divider
 .text.clock_configure_undivided
                0x10001334       0xe8 CMakeFiles/pwm_02.dir/C_/Users/Sara/.pico-sdk/sdk/2.1.0/src/rp2_common/hardware_clocks/clocks.c.obj
                0x10001334                clock_configure_undivided
 .text.clock_get_hz
                0x1000141c        0xc CMakeFiles/pwm_02.dir/C_/Users/Sara/.pico-sdk/sdk/2.1.0/src/rp2_common/hardware_clocks/clocks.c.obj
                0x1000141c                clock_get_hz
 .text.pll_init
                0x10001428       0xa4 CMakeFiles/pwm_02.dir/C_/Users/Sara/.pico-sdk/sdk/2.1.0/src/rp2_common/hardware_pll/pll.c.obj
                0x10001428                pll_init
 .text.watchdog_reboot
                0x100014cc       0x9c CMakeFiles/pwm_02.dir/C_/Users/Sara/.pico-sdk/sdk/2.1.0/src/rp2_common/hardware_watchdog/watchdog.c.obj
                0x100014cc                watchdog_reboot
 .text.tick_start
                0x10001568       0x10 CMakeFiles/pwm_02.dir/C_/Users/Sara/.pico-sdk/sdk/2.1.0/src/rp2_common/hardware_ticks/ticks.c.obj
                0x10001568                tick_start
 .text.rom_func_lookup
                0x10001578       0x10 CMakeFiles/pwm_02.dir/C_/Users/Sara/.pico-sdk/sdk/2.1.0/src/rp2_common/pico_bootrom/bootrom.c.obj
                0x10001578                rom_func_lookup
 .text.rom_data_lookup
                0x10001588       0x10 CMakeFiles/pwm_02.dir/C_/Users/Sara/.pico-sdk/sdk/2.1.0/src/rp2_common/pico_bootrom/bootrom.c.obj
                0x10001588                rom_data_lookup
 .text.rom_funcs_lookup
                0x10001598       0x44 CMakeFiles/pwm_02.dir/C_/Users/Sara/.pico-sdk/sdk/2.1.0/src/rp2_common/pico_bootrom/bootrom.c.obj
                0x10001598                rom_funcs_lookup
 .text.rom_reset_usb_boot_extra
                0x100015dc       0x28 CMakeFiles/pwm_02.dir/C_/Users/Sara/.pico-sdk/sdk/2.1.0/src/rp2_common/pico_bootrom/bootrom.c.obj
                0x100015dc                rom_reset_usb_boot_extra
 .text.xosc_init
                0x10001604       0x28 CMakeFiles/pwm_02.dir/C_/Users/Sara/.pico-sdk/sdk/2.1.0/src/rp2_common/hardware_xosc/xosc.c.obj
                0x10001604                xosc_init
 .text.first_per_core_initializer
                0x1000162c        0x4 CMakeFiles/pwm_02.dir/C_/Users/Sara/.pico-sdk/sdk/2.1.0/src/rp2_common/pico_runtime/runtime.c.obj
 .text.hard_assertion_failure
                0x10001630        0xc CMakeFiles/pwm_02.dir/C_/Users/Sara/.pico-sdk/sdk/2.1.0/src/rp2_common/pico_runtime/runtime.c.obj
                0x10001630                hard_assertion_failure
 .text.runtime_run_initializers
                0x1000163c       0x28 CMakeFiles/pwm_02.dir/C_/Users/Sara/.pico-sdk/sdk/2.1.0/src/rp2_common/pico_runtime/runtime.c.obj
                0x1000163c                runtime_run_initializers
 .text.runtime_init_early_resets
                0x10001664       0x2c CMakeFiles/pwm_02.dir/C_/Users/Sara/.pico-sdk/sdk/2.1.0/src/rp2_common/pico_runtime_init/runtime_init.c.obj
                0x10001664                runtime_init_early_resets
 .text.runtime_init_usb_power_down
                0x10001690       0x1c CMakeFiles/pwm_02.dir/C_/Users/Sara/.pico-sdk/sdk/2.1.0/src/rp2_common/pico_runtime_init/runtime_init.c.obj
                0x10001690                runtime_init_usb_power_down
 .text.runtime_init_post_clock_resets
                0x100016ac       0x20 CMakeFiles/pwm_02.dir/C_/Users/Sara/.pico-sdk/sdk/2.1.0/src/rp2_common/pico_runtime_init/runtime_init.c.obj
                0x100016ac                runtime_init_post_clock_resets
 .text.runtime_init_rp2040_gpio_ie_disable
                0x100016cc       0x14 CMakeFiles/pwm_02.dir/C_/Users/Sara/.pico-sdk/sdk/2.1.0/src/rp2_common/pico_runtime_init/runtime_init.c.obj
                0x100016cc                runtime_init_rp2040_gpio_ie_disable
 .text.runtime_init_spin_locks_reset
                0x100016e0        0x8 CMakeFiles/pwm_02.dir/C_/Users/Sara/.pico-sdk/sdk/2.1.0/src/rp2_common/pico_runtime_init/runtime_init.c.obj
                0x100016e0                runtime_init_spin_locks_reset
 .text.runtime_init_install_ram_vector_table
                0x100016e8       0x1c CMakeFiles/pwm_02.dir/C_/Users/Sara/.pico-sdk/sdk/2.1.0/src/rp2_common/pico_runtime_init/runtime_init.c.obj
                0x100016e8                runtime_init_install_ram_vector_table
 .text.runtime_init_clocks
                0x10001704       0xd8 CMakeFiles/pwm_02.dir/C_/Users/Sara/.pico-sdk/sdk/2.1.0/src/rp2_common/pico_runtime_init/runtime_init_clocks.c.obj
                0x10001704                runtime_init_clocks
 .text          0x100017dc       0x10 CMakeFiles/pwm_02.dir/C_/Users/Sara/.pico-sdk/sdk/2.1.0/src/rp2_common/pico_bit_ops/bit_ops_aeabi.S.obj
 .text.__wrap___aeabi_uidiv
                0x100017ec       0x4c CMakeFiles/pwm_02.dir/C_/Users/Sara/.pico-sdk/sdk/2.1.0/src/rp2_common/pico_divider/divider_hardware.S.obj
                0x100017ec                __wrap___aeabi_uidiv
                0x100017ec                __wrap___aeabi_uidivmod
                0x100017ec                div_u32u32
                0x100017ec                divmod_u32u32
                0x100017f4                divmod_u32u32_unsafe
                0x1000181c                divmod_u32u32_savestate
 .text.missing_double_func_shim
                0x10001838        0xc CMakeFiles/pwm_02.dir/C_/Users/Sara/.pico-sdk/sdk/2.1.0/src/rp2_common/pico_double/double_init_rom_rp2040.c.obj
 .text.__aeabi_double_init
                0x10001844       0xa0 CMakeFiles/pwm_02.dir/C_/Users/Sara/.pico-sdk/sdk/2.1.0/src/rp2_common/pico_double/double_init_rom_rp2040.c.obj
                0x10001844                __aeabi_double_init
 .text.double_table_shim_on_use_helper
                0x100018e4       0x2c CMakeFiles/pwm_02.dir/C_/Users/Sara/.pico-sdk/sdk/2.1.0/src/rp2_common/pico_double/double_v1_rom_shim_rp2040.S.obj
                0x100018e4                double_table_shim_on_use_helper
 .text.__aeabi_lmul
                0x10001910       0x32 CMakeFiles/pwm_02.dir/C_/Users/Sara/.pico-sdk/sdk/2.1.0/src/rp2_common/pico_int64_ops/pico_int64_ops_aeabi.S.obj
                0x10001910                __wrap___aeabi_lmul
 *fill*         0x10001942        0x2 
 .text.missing_float_func_shim
                0x10001944        0xc CMakeFiles/pwm_02.dir/C_/Users/Sara/.pico-sdk/sdk/2.1.0/src/rp2_common/pico_float/float_init_rom_rp2040.c.obj
 .text.__aeabi_float_init
                0x10001950       0x5c CMakeFiles/pwm_02.dir/C_/Users/Sara/.pico-sdk/sdk/2.1.0/src/rp2_common/pico_float/float_init_rom_rp2040.c.obj
                0x10001950                __aeabi_float_init
 .text          0x100019ac       0x10 CMakeFiles/pwm_02.dir/C_/Users/Sara/.pico-sdk/sdk/2.1.0/src/rp2_common/pico_mem_ops/mem_ops_aeabi.S.obj
                0x100019ac                __aeabi_mem_init
 .text.memset   0x100019bc        0xc CMakeFiles/pwm_02.dir/C_/Users/Sara/.pico-sdk/sdk/2.1.0/src/rp2_common/pico_mem_ops/mem_ops_aeabi.S.obj
                0x100019bc                __wrap_memset
 .text.memcpy   0x100019c8        0xc CMakeFiles/pwm_02.dir/C_/Users/Sara/.pico-sdk/sdk/2.1.0/src/rp2_common/pico_mem_ops/mem_ops_aeabi.S.obj
                0x100019c8                __wrap_memcpy
                0x100019c8                __wrap___aeabi_memcpy
 .text._out_char
                0x100019d4       0x10 CMakeFiles/pwm_02.dir/C_/Users/Sara/.pico-sdk/sdk/2.1.0/src/rp2_common/pico_printf/printf.c.obj
 .text.weak_raw_vprintf
                0x100019e4       0x30 CMakeFiles/pwm_02.dir/C_/Users/Sara/.pico-sdk/sdk/2.1.0/src/rp2_common/pico_printf/printf.c.obj
                0x100019e4                weak_raw_vprintf
 .text._exit    0x10001a14        0x4 CMakeFiles/pwm_02.dir/C_/Users/Sara/.pico-sdk/sdk/2.1.0/src/rp2_common/pico_clib_interface/newlib_interface.c.obj
                0x10001a14                _exit
 .text.exit     0x10001a18        0x8 CMakeFiles/pwm_02.dir/C_/Users/Sara/.pico-sdk/sdk/2.1.0/src/rp2_common/pico_clib_interface/newlib_interface.c.obj
                0x10001a18                exit
 .text.runtime_init
                0x10001a20       0x2c CMakeFiles/pwm_02.dir/C_/Users/Sara/.pico-sdk/sdk/2.1.0/src/rp2_common/pico_clib_interface/newlib_interface.c.obj
                0x10001a20                runtime_init
 .text.stdio_out_chars_no_crlf
                0x10001a4c       0x10 CMakeFiles/pwm_02.dir/C_/Users/Sara/.pico-sdk/sdk/2.1.0/src/rp2_common/pico_stdio/stdio.c.obj
 .text.stdio_out_chars_crlf
                0x10001a5c       0x94 CMakeFiles/pwm_02.dir/C_/Users/Sara/.pico-sdk/sdk/2.1.0/src/rp2_common/pico_stdio/stdio.c.obj
 .text.stdio_put_string
                0x10001af0      0x100 CMakeFiles/pwm_02.dir/C_/Users/Sara/.pico-sdk/sdk/2.1.0/src/rp2_common/pico_stdio/stdio.c.obj
                0x10001af0                stdio_put_string
 .text.stdio_set_driver_enabled
                0x10001bf0       0x30 CMakeFiles/pwm_02.dir/C_/Users/Sara/.pico-sdk/sdk/2.1.0/src/rp2_common/pico_stdio/stdio.c.obj
                0x10001bf0                stdio_set_driver_enabled
 .text.stdio_init_all
                0x10001c20        0x8 CMakeFiles/pwm_02.dir/C_/Users/Sara/.pico-sdk/sdk/2.1.0/src/rp2_common/pico_stdio/stdio.c.obj
                0x10001c20                stdio_init_all
 .text.__wrap_putchar
                0x10001c28       0x98 CMakeFiles/pwm_02.dir/C_/Users/Sara/.pico-sdk/sdk/2.1.0/src/rp2_common/pico_stdio/stdio.c.obj
                0x10001c28                __wrap_putchar
                0x10001c28                stdio_putchar
 .text.__wrap_puts
                0x10001cc0       0x3c CMakeFiles/pwm_02.dir/C_/Users/Sara/.pico-sdk/sdk/2.1.0/src/rp2_common/pico_stdio/stdio.c.obj
                0x10001cc0                stdio_puts
                0x10001cc0                __wrap_puts
 .text.resetd_init
                0x10001cfc        0x4 CMakeFiles/pwm_02.dir/C_/Users/Sara/.pico-sdk/sdk/2.1.0/src/rp2_common/pico_stdio_usb/reset_interface.c.obj
 .text.resetd_reset
                0x10001d00        0xc CMakeFiles/pwm_02.dir/C_/Users/Sara/.pico-sdk/sdk/2.1.0/src/rp2_common/pico_stdio_usb/reset_interface.c.obj
 .text.resetd_open
                0x10001d0c       0x28 CMakeFiles/pwm_02.dir/C_/Users/Sara/.pico-sdk/sdk/2.1.0/src/rp2_common/pico_stdio_usb/reset_interface.c.obj
 .text.resetd_xfer_cb
                0x10001d34        0x4 CMakeFiles/pwm_02.dir/C_/Users/Sara/.pico-sdk/sdk/2.1.0/src/rp2_common/pico_stdio_usb/reset_interface.c.obj
 .text.resetd_control_xfer_cb
                0x10001d38       0x5c CMakeFiles/pwm_02.dir/C_/Users/Sara/.pico-sdk/sdk/2.1.0/src/rp2_common/pico_stdio_usb/reset_interface.c.obj
 .text.tud_descriptor_bos_cb
                0x10001d94        0x8 CMakeFiles/pwm_02.dir/C_/Users/Sara/.pico-sdk/sdk/2.1.0/src/rp2_common/pico_stdio_usb/reset_interface.c.obj
                0x10001d94                tud_descriptor_bos_cb
 .text.tud_vendor_control_xfer_cb
                0x10001d9c       0x34 CMakeFiles/pwm_02.dir/C_/Users/Sara/.pico-sdk/sdk/2.1.0/src/rp2_common/pico_stdio_usb/reset_interface.c.obj
                0x10001d9c                tud_vendor_control_xfer_cb
 .text.usbd_app_driver_get_cb
                0x10001dd0        0xc CMakeFiles/pwm_02.dir/C_/Users/Sara/.pico-sdk/sdk/2.1.0/src/rp2_common/pico_stdio_usb/reset_interface.c.obj
                0x10001dd0                usbd_app_driver_get_cb
 .text.tud_cdc_line_coding_cb
                0x10001ddc       0x2c CMakeFiles/pwm_02.dir/C_/Users/Sara/.pico-sdk/sdk/2.1.0/src/rp2_common/pico_stdio_usb/reset_interface.c.obj
                0x10001ddc                tud_cdc_line_coding_cb
 .text.stdio_usb_set_chars_available_callback
                0x10001e08       0x14 CMakeFiles/pwm_02.dir/C_/Users/Sara/.pico-sdk/sdk/2.1.0/src/rp2_common/pico_stdio_usb/stdio_usb.c.obj
                0x10001e08                stdio_usb_set_chars_available_callback
 .text.usb_irq  0x10001e1c       0x10 CMakeFiles/pwm_02.dir/C_/Users/Sara/.pico-sdk/sdk/2.1.0/src/rp2_common/pico_stdio_usb/stdio_usb.c.obj
 .text.timer_task
                0x10001e2c       0x64 CMakeFiles/pwm_02.dir/C_/Users/Sara/.pico-sdk/sdk/2.1.0/src/rp2_common/pico_stdio_usb/stdio_usb.c.obj
 .text.stdio_usb_in_chars
                0x10001e90       0x90 CMakeFiles/pwm_02.dir/C_/Users/Sara/.pico-sdk/sdk/2.1.0/src/rp2_common/pico_stdio_usb/stdio_usb.c.obj
                0x10001e90                stdio_usb_in_chars
 .text.stdio_usb_out_flush
                0x10001f20       0x50 CMakeFiles/pwm_02.dir/C_/Users/Sara/.pico-sdk/sdk/2.1.0/src/rp2_common/pico_stdio_usb/stdio_usb.c.obj
 .text.stdio_usb_out_chars
                0x10001f70      0x104 CMakeFiles/pwm_02.dir/C_/Users/Sara/.pico-sdk/sdk/2.1.0/src/rp2_common/pico_stdio_usb/stdio_usb.c.obj
 .text.low_priority_worker_irq
                0x10002074       0xcc CMakeFiles/pwm_02.dir/C_/Users/Sara/.pico-sdk/sdk/2.1.0/src/rp2_common/pico_stdio_usb/stdio_usb.c.obj
 .text.stdio_usb_init
                0x10002140       0xe8 CMakeFiles/pwm_02.dir/C_/Users/Sara/.pico-sdk/sdk/2.1.0/src/rp2_common/pico_stdio_usb/stdio_usb.c.obj
                0x10002140                stdio_usb_init
 .text.tud_descriptor_device_cb
                0x10002228        0x8 CMakeFiles/pwm_02.dir/C_/Users/Sara/.pico-sdk/sdk/2.1.0/src/rp2_common/pico_stdio_usb/stdio_usb_descriptors.c.obj
                0x10002228                tud_descriptor_device_cb
 .text.tud_descriptor_configuration_cb
                0x10002230        0x8 CMakeFiles/pwm_02.dir/C_/Users/Sara/.pico-sdk/sdk/2.1.0/src/rp2_common/pico_stdio_usb/stdio_usb_descriptors.c.obj
                0x10002230                tud_descriptor_configuration_cb
 .text.tud_descriptor_string_cb
                0x10002238       0x78 CMakeFiles/pwm_02.dir/C_/Users/Sara/.pico-sdk/sdk/2.1.0/src/rp2_common/pico_stdio_usb/stdio_usb_descriptors.c.obj
                0x10002238                tud_descriptor_string_cb
 .text.startup._retrieve_unique_id_on_boot
                0x100022b0       0x10 CMakeFiles/pwm_02.dir/C_/Users/Sara/.pico-sdk/sdk/2.1.0/src/rp2_common/pico_unique_id/unique_id.c.obj
 .text.pico_get_unique_board_id_string
                0x100022c0      0x1a8 CMakeFiles/pwm_02.dir/C_/Users/Sara/.pico-sdk/sdk/2.1.0/src/rp2_common/pico_unique_id/unique_id.c.obj
                0x100022c0                pico_get_unique_board_id_string
 .text.flash_get_unique_id
                0x10002468       0x3c CMakeFiles/pwm_02.dir/C_/Users/Sara/.pico-sdk/sdk/2.1.0/src/rp2_common/hardware_flash/flash.c.obj
                0x10002468                flash_get_unique_id
 .text.dcd_init
                0x100024a4       0x8c CMakeFiles/pwm_02.dir/C_/Users/Sara/.pico-sdk/sdk/2.1.0/lib/tinyusb/src/portable/raspberrypi/rp2040/dcd_rp2040.c.obj
                0x100024a4                dcd_init
 .text.dcd_int_enable
                0x10002530        0xc CMakeFiles/pwm_02.dir/C_/Users/Sara/.pico-sdk/sdk/2.1.0/lib/tinyusb/src/portable/raspberrypi/rp2040/dcd_rp2040.c.obj
                0x10002530                dcd_int_enable
 .text.dcd_set_address
                0x1000253c       0x14 CMakeFiles/pwm_02.dir/C_/Users/Sara/.pico-sdk/sdk/2.1.0/lib/tinyusb/src/portable/raspberrypi/rp2040/dcd_rp2040.c.obj
                0x1000253c                dcd_set_address
 .text.dcd_sof_enable
                0x10002550       0x1c CMakeFiles/pwm_02.dir/C_/Users/Sara/.pico-sdk/sdk/2.1.0/lib/tinyusb/src/portable/raspberrypi/rp2040/dcd_rp2040.c.obj
                0x10002550                dcd_sof_enable
 .text.dcd_edpt0_status_complete
                0x1000256c       0x1c CMakeFiles/pwm_02.dir/C_/Users/Sara/.pico-sdk/sdk/2.1.0/lib/tinyusb/src/portable/raspberrypi/rp2040/dcd_rp2040.c.obj
                0x1000256c                dcd_edpt0_status_complete
 .text.dcd_edpt_open
                0x10002588      0x108 CMakeFiles/pwm_02.dir/C_/Users/Sara/.pico-sdk/sdk/2.1.0/lib/tinyusb/src/portable/raspberrypi/rp2040/dcd_rp2040.c.obj
                0x10002588                dcd_edpt_open
 .text.dcd_edpt_close_all
                0x10002690        0x8 CMakeFiles/pwm_02.dir/C_/Users/Sara/.pico-sdk/sdk/2.1.0/lib/tinyusb/src/portable/raspberrypi/rp2040/dcd_rp2040.c.obj
                0x10002690                dcd_edpt_close_all
 .text.dcd_edpt_xfer
                0x10002698       0x24 CMakeFiles/pwm_02.dir/C_/Users/Sara/.pico-sdk/sdk/2.1.0/lib/tinyusb/src/portable/raspberrypi/rp2040/dcd_rp2040.c.obj
                0x10002698                dcd_edpt_xfer
 .text.dcd_edpt_stall
                0x100026bc       0x34 CMakeFiles/pwm_02.dir/C_/Users/Sara/.pico-sdk/sdk/2.1.0/lib/tinyusb/src/portable/raspberrypi/rp2040/dcd_rp2040.c.obj
                0x100026bc                dcd_edpt_stall
 .text.dcd_edpt_clear_stall
                0x100026f0       0x30 CMakeFiles/pwm_02.dir/C_/Users/Sara/.pico-sdk/sdk/2.1.0/lib/tinyusb/src/portable/raspberrypi/rp2040/dcd_rp2040.c.obj
                0x100026f0                dcd_edpt_clear_stall
 .text.rp2040_usb_init
                0x10002720       0x40 CMakeFiles/pwm_02.dir/C_/Users/Sara/.pico-sdk/sdk/2.1.0/lib/tinyusb/src/portable/raspberrypi/rp2040/rp2040_usb.c.obj
                0x10002720                rp2040_usb_init
 .text.hw_endpoint_xfer_start
                0x10002760       0x40 CMakeFiles/pwm_02.dir/C_/Users/Sara/.pico-sdk/sdk/2.1.0/lib/tinyusb/src/portable/raspberrypi/rp2040/rp2040_usb.c.obj
                0x10002760                hw_endpoint_xfer_start
 .text.tud_event_hook_cb
                0x100027a0        0x4 CMakeFiles/pwm_02.dir/C_/Users/Sara/.pico-sdk/sdk/2.1.0/lib/tinyusb/src/device/usbd.c.obj
                0x100027a0                tud_event_hook_cb
 .text.tud_sof_cb
                0x100027a4        0x4 CMakeFiles/pwm_02.dir/C_/Users/Sara/.pico-sdk/sdk/2.1.0/lib/tinyusb/src/device/usbd.c.obj
                0x100027a4                tud_sof_cb
 .text.tud_descriptor_device_qualifier_cb
                0x100027a8        0x4 CMakeFiles/pwm_02.dir/C_/Users/Sara/.pico-sdk/sdk/2.1.0/lib/tinyusb/src/device/usbd.c.obj
                0x100027a8                tud_descriptor_device_qualifier_cb
 .text.tud_descriptor_other_speed_configuration_cb
                0x100027ac        0x4 CMakeFiles/pwm_02.dir/C_/Users/Sara/.pico-sdk/sdk/2.1.0/lib/tinyusb/src/device/usbd.c.obj
                0x100027ac                tud_descriptor_other_speed_configuration_cb
 .text.tud_mount_cb
                0x100027b0        0x4 CMakeFiles/pwm_02.dir/C_/Users/Sara/.pico-sdk/sdk/2.1.0/lib/tinyusb/src/device/usbd.c.obj
                0x100027b0                tud_mount_cb
 .text.tud_umount_cb
                0x100027b4        0x4 CMakeFiles/pwm_02.dir/C_/Users/Sara/.pico-sdk/sdk/2.1.0/lib/tinyusb/src/device/usbd.c.obj
                0x100027b4                tud_umount_cb
 .text.tud_suspend_cb
                0x100027b8        0x4 CMakeFiles/pwm_02.dir/C_/Users/Sara/.pico-sdk/sdk/2.1.0/lib/tinyusb/src/device/usbd.c.obj
                0x100027b8                tud_suspend_cb
 .text.tud_resume_cb
                0x100027bc        0x4 CMakeFiles/pwm_02.dir/C_/Users/Sara/.pico-sdk/sdk/2.1.0/lib/tinyusb/src/device/usbd.c.obj
                0x100027bc                tud_resume_cb
 .text.tud_mounted
                0x100027c0       0x10 CMakeFiles/pwm_02.dir/C_/Users/Sara/.pico-sdk/sdk/2.1.0/lib/tinyusb/src/device/usbd.c.obj
                0x100027c0                tud_mounted
 .text.tud_suspended
                0x100027d0       0x10 CMakeFiles/pwm_02.dir/C_/Users/Sara/.pico-sdk/sdk/2.1.0/lib/tinyusb/src/device/usbd.c.obj
                0x100027d0                tud_suspended
 .text.tud_init
                0x100027e0       0xe4 CMakeFiles/pwm_02.dir/C_/Users/Sara/.pico-sdk/sdk/2.1.0/lib/tinyusb/src/device/usbd.c.obj
                0x100027e0                tud_init
 .text.tud_task_ext
                0x100028c4      0x800 CMakeFiles/pwm_02.dir/C_/Users/Sara/.pico-sdk/sdk/2.1.0/lib/tinyusb/src/device/usbd.c.obj
                0x100028c4                tud_task_ext
 .text.usbd_open_edpt_pair
                0x100030c4       0x9c CMakeFiles/pwm_02.dir/C_/Users/Sara/.pico-sdk/sdk/2.1.0/lib/tinyusb/src/device/usbd.c.obj
                0x100030c4                usbd_open_edpt_pair
 .text.usbd_edpt_open
                0x10003160       0x34 CMakeFiles/pwm_02.dir/C_/Users/Sara/.pico-sdk/sdk/2.1.0/lib/tinyusb/src/device/usbd.c.obj
                0x10003160                usbd_edpt_open
 .text.usbd_edpt_claim
                0x10003194       0x28 CMakeFiles/pwm_02.dir/C_/Users/Sara/.pico-sdk/sdk/2.1.0/lib/tinyusb/src/device/usbd.c.obj
                0x10003194                usbd_edpt_claim
 .text.usbd_edpt_release
                0x100031bc       0x28 CMakeFiles/pwm_02.dir/C_/Users/Sara/.pico-sdk/sdk/2.1.0/lib/tinyusb/src/device/usbd.c.obj
                0x100031bc                usbd_edpt_release
 .text.usbd_edpt_xfer
                0x100031e4       0x4c CMakeFiles/pwm_02.dir/C_/Users/Sara/.pico-sdk/sdk/2.1.0/lib/tinyusb/src/device/usbd.c.obj
                0x100031e4                usbd_edpt_xfer
 .text.tud_control_status
                0x10003230       0x2c CMakeFiles/pwm_02.dir/C_/Users/Sara/.pico-sdk/sdk/2.1.0/lib/tinyusb/src/device/usbd_control.c.obj
                0x10003230                tud_control_status
 .text.tud_control_xfer
                0x1000325c       0xac CMakeFiles/pwm_02.dir/C_/Users/Sara/.pico-sdk/sdk/2.1.0/lib/tinyusb/src/device/usbd_control.c.obj
                0x1000325c                tud_control_xfer
 .text.usbd_control_reset
                0x10003308       0x14 CMakeFiles/pwm_02.dir/C_/Users/Sara/.pico-sdk/sdk/2.1.0/lib/tinyusb/src/device/usbd_control.c.obj
                0x10003308                usbd_control_reset
 .text.usbd_control_set_complete_callback
                0x1000331c        0xc CMakeFiles/pwm_02.dir/C_/Users/Sara/.pico-sdk/sdk/2.1.0/lib/tinyusb/src/device/usbd_control.c.obj
                0x1000331c                usbd_control_set_complete_callback
 .text.usbd_control_set_request
                0x10003328       0x1c CMakeFiles/pwm_02.dir/C_/Users/Sara/.pico-sdk/sdk/2.1.0/lib/tinyusb/src/device/usbd_control.c.obj
                0x10003328                usbd_control_set_request
 .text.usbd_control_xfer_cb
                0x10003344       0xec CMakeFiles/pwm_02.dir/C_/Users/Sara/.pico-sdk/sdk/2.1.0/lib/tinyusb/src/device/usbd_control.c.obj
                0x10003344                usbd_control_xfer_cb
 .text._prep_out_transaction.isra.0
                0x10003430       0x5c CMakeFiles/pwm_02.dir/C_/Users/Sara/.pico-sdk/sdk/2.1.0/lib/tinyusb/src/class/cdc/cdc_device.c.obj
 .text.tud_cdc_n_connected
                0x1000348c       0x30 CMakeFiles/pwm_02.dir/C_/Users/Sara/.pico-sdk/sdk/2.1.0/lib/tinyusb/src/class/cdc/cdc_device.c.obj
                0x1000348c                tud_cdc_n_connected
 .text.tud_cdc_n_available
                0x100034bc       0x18 CMakeFiles/pwm_02.dir/C_/Users/Sara/.pico-sdk/sdk/2.1.0/lib/tinyusb/src/class/cdc/cdc_device.c.obj
                0x100034bc                tud_cdc_n_available
 .text.tud_cdc_n_read
                0x100034d4       0x98 CMakeFiles/pwm_02.dir/C_/Users/Sara/.pico-sdk/sdk/2.1.0/lib/tinyusb/src/class/cdc/cdc_device.c.obj
                0x100034d4                tud_cdc_n_read
 .text.tud_cdc_n_write_flush
                0x1000356c       0x78 CMakeFiles/pwm_02.dir/C_/Users/Sara/.pico-sdk/sdk/2.1.0/lib/tinyusb/src/class/cdc/cdc_device.c.obj
                0x1000356c                tud_cdc_n_write_flush
 .text.tud_cdc_n_write
                0x100035e4       0x40 CMakeFiles/pwm_02.dir/C_/Users/Sara/.pico-sdk/sdk/2.1.0/lib/tinyusb/src/class/cdc/cdc_device.c.obj
                0x100035e4                tud_cdc_n_write
 .text.tud_cdc_n_write_available
                0x10003624       0x18 CMakeFiles/pwm_02.dir/C_/Users/Sara/.pico-sdk/sdk/2.1.0/lib/tinyusb/src/class/cdc/cdc_device.c.obj
                0x10003624                tud_cdc_n_write_available
 .text.cdcd_init
                0x1000363c       0x7c CMakeFiles/pwm_02.dir/C_/Users/Sara/.pico-sdk/sdk/2.1.0/lib/tinyusb/src/class/cdc/cdc_device.c.obj
                0x1000363c                cdcd_init
 .text.cdcd_deinit
                0x100036b8       0x34 CMakeFiles/pwm_02.dir/C_/Users/Sara/.pico-sdk/sdk/2.1.0/lib/tinyusb/src/class/cdc/cdc_device.c.obj
                0x100036b8                cdcd_deinit
 .text.cdcd_reset
                0x100036ec       0x4c CMakeFiles/pwm_02.dir/C_/Users/Sara/.pico-sdk/sdk/2.1.0/lib/tinyusb/src/class/cdc/cdc_device.c.obj
                0x100036ec                cdcd_reset
 .text.cdcd_open
                0x10003738       0xb0 CMakeFiles/pwm_02.dir/C_/Users/Sara/.pico-sdk/sdk/2.1.0/lib/tinyusb/src/class/cdc/cdc_device.c.obj
                0x10003738                cdcd_open
 .text.cdcd_control_xfer_cb
                0x100037e8       0xe4 CMakeFiles/pwm_02.dir/C_/Users/Sara/.pico-sdk/sdk/2.1.0/lib/tinyusb/src/class/cdc/cdc_device.c.obj
                0x100037e8                cdcd_control_xfer_cb
 .text.cdcd_xfer_cb
                0x100038cc      0x100 CMakeFiles/pwm_02.dir/C_/Users/Sara/.pico-sdk/sdk/2.1.0/lib/tinyusb/src/class/cdc/cdc_device.c.obj
                0x100038cc                cdcd_xfer_cb
 .text.vendord_init
                0x100039cc       0x5c CMakeFiles/pwm_02.dir/C_/Users/Sara/.pico-sdk/sdk/2.1.0/lib/tinyusb/src/class/vendor/vendor_device.c.obj
                0x100039cc                vendord_init
 .text.vendord_deinit
                0x10003a28       0x1c CMakeFiles/pwm_02.dir/C_/Users/Sara/.pico-sdk/sdk/2.1.0/lib/tinyusb/src/class/vendor/vendor_device.c.obj
                0x10003a28                vendord_deinit
 .text.vendord_reset
                0x10003a44       0x20 CMakeFiles/pwm_02.dir/C_/Users/Sara/.pico-sdk/sdk/2.1.0/lib/tinyusb/src/class/vendor/vendor_device.c.obj
                0x10003a44                vendord_reset
 .text.vendord_open
                0x10003a64      0x138 CMakeFiles/pwm_02.dir/C_/Users/Sara/.pico-sdk/sdk/2.1.0/lib/tinyusb/src/class/vendor/vendor_device.c.obj
                0x10003a64                vendord_open
 .text.vendord_xfer_cb
                0x10003b9c       0x9c CMakeFiles/pwm_02.dir/C_/Users/Sara/.pico-sdk/sdk/2.1.0/lib/tinyusb/src/class/vendor/vendor_device.c.obj
                0x10003b9c                vendord_xfer_cb
 .text.tusb_init
                0x10003c38        0xc CMakeFiles/pwm_02.dir/C_/Users/Sara/.pico-sdk/sdk/2.1.0/lib/tinyusb/src/tusb.c.obj
                0x10003c38                tusb_init
 .text.tu_edpt_claim
                0x10003c44       0x50 CMakeFiles/pwm_02.dir/C_/Users/Sara/.pico-sdk/sdk/2.1.0/lib/tinyusb/src/tusb.c.obj
                0x10003c44                tu_edpt_claim
 .text.tu_edpt_release
                0x10003c94       0x38 CMakeFiles/pwm_02.dir/C_/Users/Sara/.pico-sdk/sdk/2.1.0/lib/tinyusb/src/tusb.c.obj
                0x10003c94                tu_edpt_release
 .text.tu_edpt_validate
                0x10003ccc       0x7c CMakeFiles/pwm_02.dir/C_/Users/Sara/.pico-sdk/sdk/2.1.0/lib/tinyusb/src/tusb.c.obj
                0x10003ccc                tu_edpt_validate
 .text.tu_edpt_bind_driver
                0x10003d48       0x34 CMakeFiles/pwm_02.dir/C_/Users/Sara/.pico-sdk/sdk/2.1.0/lib/tinyusb/src/tusb.c.obj
                0x10003d48                tu_edpt_bind_driver
 .text.tu_edpt_stream_init
                0x10003d7c       0x6c CMakeFiles/pwm_02.dir/C_/Users/Sara/.pico-sdk/sdk/2.1.0/lib/tinyusb/src/tusb.c.obj
                0x10003d7c                tu_edpt_stream_init
 .text.tu_edpt_stream_deinit
                0x10003de8        0x4 CMakeFiles/pwm_02.dir/C_/Users/Sara/.pico-sdk/sdk/2.1.0/lib/tinyusb/src/tusb.c.obj
                0x10003de8                tu_edpt_stream_deinit
 .text.tu_edpt_stream_write_zlp_if_needed
                0x10003dec       0x68 CMakeFiles/pwm_02.dir/C_/Users/Sara/.pico-sdk/sdk/2.1.0/lib/tinyusb/src/tusb.c.obj
                0x10003dec                tu_edpt_stream_write_zlp_if_needed
 .text.tu_edpt_stream_write_xfer
                0x10003e54       0x64 CMakeFiles/pwm_02.dir/C_/Users/Sara/.pico-sdk/sdk/2.1.0/lib/tinyusb/src/tusb.c.obj
                0x10003e54                tu_edpt_stream_write_xfer
 .text.tu_edpt_stream_read_xfer
                0x10003eb8       0xdc CMakeFiles/pwm_02.dir/C_/Users/Sara/.pico-sdk/sdk/2.1.0/lib/tinyusb/src/tusb.c.obj
                0x10003eb8                tu_edpt_stream_read_xfer
 .text.tu_fifo_config
                0x10003f94       0x6c CMakeFiles/pwm_02.dir/C_/Users/Sara/.pico-sdk/sdk/2.1.0/lib/tinyusb/src/common/tusb_fifo.c.obj
                0x10003f94                tu_fifo_config
 .text.tu_fifo_count
                0x10004000       0x2c CMakeFiles/pwm_02.dir/C_/Users/Sara/.pico-sdk/sdk/2.1.0/lib/tinyusb/src/common/tusb_fifo.c.obj
                0x10004000                tu_fifo_count
 .text.tu_fifo_empty
                0x1000402c       0x10 CMakeFiles/pwm_02.dir/C_/Users/Sara/.pico-sdk/sdk/2.1.0/lib/tinyusb/src/common/tusb_fifo.c.obj
                0x1000402c                tu_fifo_empty
 .text.tu_fifo_remaining
                0x1000403c       0x2c CMakeFiles/pwm_02.dir/C_/Users/Sara/.pico-sdk/sdk/2.1.0/lib/tinyusb/src/common/tusb_fifo.c.obj
                0x1000403c                tu_fifo_remaining
 .text.tu_fifo_read
                0x10004068       0x9c CMakeFiles/pwm_02.dir/C_/Users/Sara/.pico-sdk/sdk/2.1.0/lib/tinyusb/src/common/tusb_fifo.c.obj
                0x10004068                tu_fifo_read
 .text.tu_fifo_read_n
                0x10004104       0xe8 CMakeFiles/pwm_02.dir/C_/Users/Sara/.pico-sdk/sdk/2.1.0/lib/tinyusb/src/common/tusb_fifo.c.obj
                0x10004104                tu_fifo_read_n
 .text.tu_fifo_write
                0x100041ec       0xa8 CMakeFiles/pwm_02.dir/C_/Users/Sara/.pico-sdk/sdk/2.1.0/lib/tinyusb/src/common/tusb_fifo.c.obj
                0x100041ec                tu_fifo_write
 .text.tu_fifo_write_n
                0x10004294      0x178 CMakeFiles/pwm_02.dir/C_/Users/Sara/.pico-sdk/sdk/2.1.0/lib/tinyusb/src/common/tusb_fifo.c.obj
                0x10004294                tu_fifo_write_n
 .text.tu_fifo_clear
                0x1000440c       0x40 CMakeFiles/pwm_02.dir/C_/Users/Sara/.pico-sdk/sdk/2.1.0/lib/tinyusb/src/common/tusb_fifo.c.obj
                0x1000440c                tu_fifo_clear
 .text.tu_fifo_set_overwritable
                0x1000444c       0x48 CMakeFiles/pwm_02.dir/C_/Users/Sara/.pico-sdk/sdk/2.1.0/lib/tinyusb/src/common/tusb_fifo.c.obj
                0x1000444c                tu_fifo_set_overwritable
 .text.strlen   0x10004494       0x5c C:/Users/Sara/.pico-sdk/toolchain/13_3_Rel1/bin/../lib/gcc/arm-none-eabi/13.3.1/thumb/v6-m/nofp\libg.a(libc_a-strlen-stub.o)
                0x10004494                strlen
 *(.fini)
 .fini          0x100044f0        0x4 C:/Users/Sara/.pico-sdk/toolchain/13_3_Rel1/bin/../lib/gcc/arm-none-eabi/13.3.1/thumb/v6-m/nofp/crti.o
                0x100044f0                _fini
 *fill*         0x100044f4        0x4 
 .fini.__stub   0x100044f8       0xb0 linker stubs
 *crtbegin.o(.ctors)
 *crtbegin?.o(.ctors)
 *(EXCLUDE_FILE(*crtend.o *crtend?.o) .ctors)
 *(SORT_BY_NAME(.ctors.*))
 *(.ctors)
 *crtbegin.o(.dtors)
 *crtbegin?.o(.dtors)
 *(EXCLUDE_FILE(*crtend.o *crtend?.o) .dtors)
 *(SORT_BY_NAME(.dtors.*))
 *(.dtors)
                0x100045a8                        . = ALIGN (0x4)
                0x100045a8                        PROVIDE (__preinit_array_start = .)
 *(SORT_BY_NAME(.preinit_array.*))
 .preinit_array.00100
                0x100045a8        0x4 CMakeFiles/pwm_02.dir/C_/Users/Sara/.pico-sdk/sdk/2.1.0/src/rp2_common/pico_runtime_init/runtime_init.c.obj
                0x100045a8                __pre_init_runtime_init_early_resets
 .preinit_array.00101
                0x100045ac        0x4 CMakeFiles/pwm_02.dir/C_/Users/Sara/.pico-sdk/sdk/2.1.0/src/rp2_common/pico_runtime_init/runtime_init.c.obj
                0x100045ac                __pre_init_runtime_init_usb_power_down
 .preinit_array.00275
                0x100045b0        0x4 CMakeFiles/pwm_02.dir/C_/Users/Sara/.pico-sdk/sdk/2.1.0/src/rp2_common/pico_bit_ops/bit_ops_aeabi.S.obj
 .preinit_array.00300
                0x100045b4        0x4 CMakeFiles/pwm_02.dir/C_/Users/Sara/.pico-sdk/sdk/2.1.0/src/rp2_common/pico_mem_ops/mem_ops_aeabi.S.obj
 .preinit_array.00350
                0x100045b8        0x4 CMakeFiles/pwm_02.dir/C_/Users/Sara/.pico-sdk/sdk/2.1.0/src/rp2_common/pico_double/double_aeabi_rp2040.S.obj
 .preinit_array.00350
                0x100045bc        0x4 CMakeFiles/pwm_02.dir/C_/Users/Sara/.pico-sdk/sdk/2.1.0/src/rp2_common/pico_float/float_aeabi_rp2040.S.obj
 .preinit_array.00500
                0x100045c0        0x4 CMakeFiles/pwm_02.dir/C_/Users/Sara/.pico-sdk/sdk/2.1.0/src/rp2_common/pico_runtime_init/runtime_init.c.obj
                0x100045c0                __pre_init_runtime_init_clocks
 .preinit_array.00600
                0x100045c4        0x4 CMakeFiles/pwm_02.dir/C_/Users/Sara/.pico-sdk/sdk/2.1.0/src/rp2_common/pico_runtime_init/runtime_init.c.obj
                0x100045c4                __pre_init_runtime_init_post_clock_resets
 .preinit_array.00700
                0x100045c8        0x4 CMakeFiles/pwm_02.dir/C_/Users/Sara/.pico-sdk/sdk/2.1.0/src/rp2_common/pico_runtime_init/runtime_init.c.obj
                0x100045c8                __pre_init_runtime_init_rp2040_gpio_ie_disable
 .preinit_array.01000
                0x100045cc        0x4 CMakeFiles/pwm_02.dir/C_/Users/Sara/.pico-sdk/sdk/2.1.0/src/rp2_common/pico_runtime_init/runtime_init.c.obj
                0x100045cc                __pre_init_runtime_init_spin_locks_reset
 .preinit_array.01100
                0x100045d0        0x4 CMakeFiles/pwm_02.dir/C_/Users/Sara/.pico-sdk/sdk/2.1.0/src/common/pico_sync/mutex.c.obj
                0x100045d0                __pre_init_runtime_init_mutex
 .preinit_array.10080
                0x100045d4        0x4 CMakeFiles/pwm_02.dir/C_/Users/Sara/.pico-sdk/sdk/2.1.0/src/rp2_common/pico_runtime_init/runtime_init.c.obj
                0x100045d4                __pre_init_runtime_init_install_ram_vector_table
 .preinit_array.11000
                0x100045d8        0x4 CMakeFiles/pwm_02.dir/C_/Users/Sara/.pico-sdk/sdk/2.1.0/src/common/pico_time/time.c.obj
                0x100045d8                __pre_init_runtime_init_default_alarm_pool
 .preinit_array.YYYYY
                0x100045dc        0x4 CMakeFiles/pwm_02.dir/C_/Users/Sara/.pico-sdk/sdk/2.1.0/src/rp2_common/pico_runtime/runtime.c.obj
                0x100045dc                __pre_init_first_per_core_initializer
 .preinit_array.ZZZZZ.01200
                0x100045e0        0x4 CMakeFiles/pwm_02.dir/C_/Users/Sara/.pico-sdk/sdk/2.1.0/src/rp2_common/hardware_irq/irq.c.obj
                0x100045e0                __pre_init_runtime_init_per_core_irq_priorities
 *(.preinit_array)
                0x100045e4                        PROVIDE (__preinit_array_end = .)
                0x100045e4                        . = ALIGN (0x4)
                0x100045e4                        PROVIDE (__init_array_start = .)
 *(SORT_BY_NAME(.init_array.*))
 *(.init_array)
 .init_array    0x100045e4        0x4 C:/Users/Sara/.pico-sdk/toolchain/13_3_Rel1/bin/../lib/gcc/arm-none-eabi/13.3.1/thumb/v6-m/nofp/crtbegin.o
 .init_array    0x100045e8        0x4 CMakeFiles/pwm_02.dir/C_/Users/Sara/.pico-sdk/sdk/2.1.0/src/rp2_common/pico_unique_id/unique_id.c.obj
                0x100045ec                        PROVIDE (__init_array_end = .)
                0x100045ec                        . = ALIGN (0x4)
                [!provide]                        PROVIDE (__fini_array_start = .)
 *(SORT_BY_NAME(.fini_array.*))
 *(.fini_array)
                [!provide]                        PROVIDE (__fini_array_end = .)
 *(.eh_frame*)
 .eh_frame      0x100045ec        0x0 C:/Users/Sara/.pico-sdk/toolchain/13_3_Rel1/bin/../lib/gcc/arm-none-eabi/13.3.1/thumb/v6-m/nofp/crtbegin.o
                0x100045ec                        . = ALIGN (0x4)

.glue_7         0x100045ec        0x0
 .glue_7        0x100045ec        0x0 linker stubs

.glue_7t        0x100045ec        0x0
 .glue_7t       0x100045ec        0x0 linker stubs

.vfp11_veneer   0x100045ec        0x0
 .vfp11_veneer  0x100045ec        0x0 linker stubs

.v4_bx          0x100045ec        0x0
 .v4_bx         0x100045ec        0x0 linker stubs

.iplt           0x100045ec        0x0
 .iplt          0x100045ec        0x0 C:/Users/Sara/.pico-sdk/toolchain/13_3_Rel1/bin/../lib/gcc/arm-none-eabi/13.3.1/thumb/v6-m/nofp/crtbegin.o

.rodata         0x100045ec      0x434
 *(EXCLUDE_FILE(*libm.a: *libc.a:*lib_a-mem*.o *libgcc.a:) .rodata*)
 .rodata.panic.str1.4
                0x100045ec      0x170 CMakeFiles/pwm_02.dir/C_/Users/Sara/.pico-sdk/sdk/2.1.0/src/rp2_common/pico_platform_panic/panic.c.obj
                                 0x12 (size before relaxing)
 .rodata.spin_lock_claim_unused.str1.4
                0x1000475c       0x1b CMakeFiles/pwm_02.dir/C_/Users/Sara/.pico-sdk/sdk/2.1.0/src/rp2_common/hardware_sync/sync.c.obj
 .rodata.user_irq_claim_unused.str1.4
                0x1000475c       0x1b CMakeFiles/pwm_02.dir/C_/Users/Sara/.pico-sdk/sdk/2.1.0/src/rp2_common/hardware_irq/irq.c.obj
 .rodata.timer_hardware_alarm_claim.str1.4
                0x1000475c       0x22 CMakeFiles/pwm_02.dir/C_/Users/Sara/.pico-sdk/sdk/2.1.0/src/rp2_common/hardware_timer/timer.c.obj
 .rodata.hard_assertion_failure.str1.4
                0x1000475c        0xc CMakeFiles/pwm_02.dir/C_/Users/Sara/.pico-sdk/sdk/2.1.0/src/rp2_common/pico_runtime/runtime.c.obj
 .rodata.missing_double_func_shim.str1.4
                0x1000475c       0x18 CMakeFiles/pwm_02.dir/C_/Users/Sara/.pico-sdk/sdk/2.1.0/src/rp2_common/pico_double/double_init_rom_rp2040.c.obj
 .rodata.missing_float_func_shim.str1.4
                0x1000475c        0x1 CMakeFiles/pwm_02.dir/C_/Users/Sara/.pico-sdk/sdk/2.1.0/src/rp2_common/pico_float/float_init_rom_rp2040.c.obj
 .rodata.str1.4
                0x1000475c       0x40 CMakeFiles/pwm_02.dir/C_/Users/Sara/.pico-sdk/sdk/2.1.0/src/rp2_common/pico_standard_binary_info/standard_binary_info.c.obj
 .rodata.__bi_84
                0x1000475c        0xc CMakeFiles/pwm_02.dir/C_/Users/Sara/.pico-sdk/sdk/2.1.0/src/rp2_common/pico_standard_binary_info/standard_binary_info.c.obj
 .rodata.__bi_78
                0x10004768        0xc CMakeFiles/pwm_02.dir/C_/Users/Sara/.pico-sdk/sdk/2.1.0/src/rp2_common/pico_standard_binary_info/standard_binary_info.c.obj
 .rodata.__bi_60
                0x10004774        0xc CMakeFiles/pwm_02.dir/C_/Users/Sara/.pico-sdk/sdk/2.1.0/src/rp2_common/pico_standard_binary_info/standard_binary_info.c.obj
 .rodata.__bi_54
                0x10004780        0xc CMakeFiles/pwm_02.dir/C_/Users/Sara/.pico-sdk/sdk/2.1.0/src/rp2_common/pico_standard_binary_info/standard_binary_info.c.obj
 .rodata.__bi_48
                0x1000478c        0xc CMakeFiles/pwm_02.dir/C_/Users/Sara/.pico-sdk/sdk/2.1.0/src/rp2_common/pico_standard_binary_info/standard_binary_info.c.obj
 .rodata.__bi_42
                0x10004798        0xc CMakeFiles/pwm_02.dir/C_/Users/Sara/.pico-sdk/sdk/2.1.0/src/rp2_common/pico_standard_binary_info/standard_binary_info.c.obj
 .rodata.__bi_34
                0x100047a4        0xc CMakeFiles/pwm_02.dir/C_/Users/Sara/.pico-sdk/sdk/2.1.0/src/rp2_common/pico_standard_binary_info/standard_binary_info.c.obj
 .rodata.__bi_26
                0x100047b0        0xc CMakeFiles/pwm_02.dir/C_/Users/Sara/.pico-sdk/sdk/2.1.0/src/rp2_common/pico_standard_binary_info/standard_binary_info.c.obj
 .rodata.crlf_str.0
                0x100047bc        0x2 CMakeFiles/pwm_02.dir/C_/Users/Sara/.pico-sdk/sdk/2.1.0/src/rp2_common/pico_stdio/stdio.c.obj
 *fill*         0x100047be        0x2 
 .rodata._resetd_driver
                0x100047c0       0x20 CMakeFiles/pwm_02.dir/C_/Users/Sara/.pico-sdk/sdk/2.1.0/src/rp2_common/pico_stdio_usb/reset_interface.c.obj
 .rodata.desc_ms_os_20
                0x100047e0       0xa6 CMakeFiles/pwm_02.dir/C_/Users/Sara/.pico-sdk/sdk/2.1.0/src/rp2_common/pico_stdio_usb/reset_interface.c.obj
 *fill*         0x10004886        0x2 
 .rodata.desc_bos
                0x10004888       0x21 CMakeFiles/pwm_02.dir/C_/Users/Sara/.pico-sdk/sdk/2.1.0/src/rp2_common/pico_stdio_usb/reset_interface.c.obj
                0x10004888                desc_bos
 .rodata.str1.4
                0x100048a9       0x13 CMakeFiles/pwm_02.dir/C_/Users/Sara/.pico-sdk/sdk/2.1.0/src/rp2_common/pico_stdio_usb/stdio_usb.c.obj
 *fill*         0x100048a9        0x3 
 .rodata.__bi_197.0
                0x100048ac        0xc CMakeFiles/pwm_02.dir/C_/Users/Sara/.pico-sdk/sdk/2.1.0/src/rp2_common/pico_stdio_usb/stdio_usb.c.obj
 .rodata.str1.4
                0x100048b8       0x2a CMakeFiles/pwm_02.dir/C_/Users/Sara/.pico-sdk/sdk/2.1.0/src/rp2_common/pico_stdio_usb/stdio_usb_descriptors.c.obj
 .rodata.usbd_desc_str
                0x100048b8       0x18 CMakeFiles/pwm_02.dir/C_/Users/Sara/.pico-sdk/sdk/2.1.0/src/rp2_common/pico_stdio_usb/stdio_usb_descriptors.c.obj
 .rodata.usbd_desc_cfg
                0x100048d0       0x54 CMakeFiles/pwm_02.dir/C_/Users/Sara/.pico-sdk/sdk/2.1.0/src/rp2_common/pico_stdio_usb/stdio_usb_descriptors.c.obj
 .rodata.usbd_desc_device
                0x10004924       0x12 CMakeFiles/pwm_02.dir/C_/Users/Sara/.pico-sdk/sdk/2.1.0/src/rp2_common/pico_stdio_usb/stdio_usb_descriptors.c.obj
 .rodata.str1.4
                0x10004936       0x14 CMakeFiles/pwm_02.dir/C_/Users/Sara/.pico-sdk/sdk/2.1.0/lib/tinyusb/src/portable/raspberrypi/rp2040/dcd_rp2040.c.obj
 .rodata.str1.4
                0x10004936       0x48 CMakeFiles/pwm_02.dir/C_/Users/Sara/.pico-sdk/sdk/2.1.0/lib/tinyusb/src/portable/raspberrypi/rp2040/rp2040_usb.c.obj
 *fill*         0x10004936        0x2 
 .rodata.tud_task_ext
                0x10004938       0x8c CMakeFiles/pwm_02.dir/C_/Users/Sara/.pico-sdk/sdk/2.1.0/lib/tinyusb/src/device/usbd.c.obj
 .rodata        0x100049c4       0x1c CMakeFiles/pwm_02.dir/C_/Users/Sara/.pico-sdk/sdk/2.1.0/lib/tinyusb/src/device/usbd.c.obj
 .rodata._usbd_driver
                0x100049e0       0x40 CMakeFiles/pwm_02.dir/C_/Users/Sara/.pico-sdk/sdk/2.1.0/lib/tinyusb/src/device/usbd.c.obj
                0x10004a20                        . = ALIGN (0x4)
 *(SORT_BY_ALIGNMENT(SORT_BY_NAME(.flashdata*)))
                0x10004a20                        . = ALIGN (0x4)

.ARM.extab
 *(.ARM.extab* .gnu.linkonce.armextab.*)
                0x10004a20                        __exidx_start = .

.ARM.exidx
 *(.ARM.exidx* .gnu.linkonce.armexidx.*)
                0x10004a20                        __exidx_end = .
                0x10004a20                        . = ALIGN (0x4)
                0x10004a20                        __binary_info_start = .

.binary_info    0x10004a20       0x24
 *(.binary_info.keep.*)
 .binary_info.keep.__bi_ptr84
                0x10004a20        0x4 CMakeFiles/pwm_02.dir/C_/Users/Sara/.pico-sdk/sdk/2.1.0/src/rp2_common/pico_standard_binary_info/standard_binary_info.c.obj
 .binary_info.keep.__bi_ptr78
                0x10004a24        0x4 CMakeFiles/pwm_02.dir/C_/Users/Sara/.pico-sdk/sdk/2.1.0/src/rp2_common/pico_standard_binary_info/standard_binary_info.c.obj
 .binary_info.keep.__bi_ptr60
                0x10004a28        0x4 CMakeFiles/pwm_02.dir/C_/Users/Sara/.pico-sdk/sdk/2.1.0/src/rp2_common/pico_standard_binary_info/standard_binary_info.c.obj
 .binary_info.keep.__bi_ptr54
                0x10004a2c        0x4 CMakeFiles/pwm_02.dir/C_/Users/Sara/.pico-sdk/sdk/2.1.0/src/rp2_common/pico_standard_binary_info/standard_binary_info.c.obj
 .binary_info.keep.__bi_ptr48
                0x10004a30        0x4 CMakeFiles/pwm_02.dir/C_/Users/Sara/.pico-sdk/sdk/2.1.0/src/rp2_common/pico_standard_binary_info/standard_binary_info.c.obj
 .binary_info.keep.__bi_ptr42
                0x10004a34        0x4 CMakeFiles/pwm_02.dir/C_/Users/Sara/.pico-sdk/sdk/2.1.0/src/rp2_common/pico_standard_binary_info/standard_binary_info.c.obj
 .binary_info.keep.__bi_ptr34
                0x10004a38        0x4 CMakeFiles/pwm_02.dir/C_/Users/Sara/.pico-sdk/sdk/2.1.0/src/rp2_common/pico_standard_binary_info/standard_binary_info.c.obj
 .binary_info.keep.__bi_ptr26
                0x10004a3c        0x4 CMakeFiles/pwm_02.dir/C_/Users/Sara/.pico-sdk/sdk/2.1.0/src/rp2_common/pico_standard_binary_info/standard_binary_info.c.obj
 *(.binary_info.*)
 .binary_info.__bi_ptr197
                0x10004a40        0x4 CMakeFiles/pwm_02.dir/C_/Users/Sara/.pico-sdk/sdk/2.1.0/src/rp2_common/pico_stdio_usb/stdio_usb.c.obj
                0x10004a44                        __binary_info_end = .

.rel.dyn        0x10004a44        0x0
 .rel.iplt      0x10004a44        0x0 C:/Users/Sara/.pico-sdk/toolchain/13_3_Rel1/bin/../lib/gcc/arm-none-eabi/13.3.1/thumb/v6-m/nofp/crtbegin.o
                0x10004a44                        . = ALIGN (0x4)

.ram_vector_table
                0x20000000       0xc0
 *(.ram_vector_table)
 .ram_vector_table
                0x20000000       0xc0 CMakeFiles/pwm_02.dir/C_/Users/Sara/.pico-sdk/sdk/2.1.0/src/rp2_common/pico_runtime_init/runtime_init.c.obj
                0x20000000                ram_vector_table

.uninitialized_data
                0x200000c0        0x0
                0x200000c0                        . = ALIGN (0x4)
 *(.uninitialized_data*)

.data           0x200000c0      0xfa0 load address 0x10004a44
                0x200000c0                        __data_start__ = .
 *(vtable)
 *(.time_critical*)
 .time_critical.mutex_try_enter
                0x200000c0       0x40 CMakeFiles/pwm_02.dir/C_/Users/Sara/.pico-sdk/sdk/2.1.0/src/common/pico_sync/mutex.c.obj
                0x200000c0                mutex_try_enter
 .time_critical.mutex_try_enter_block_until
                0x20000100       0x9c CMakeFiles/pwm_02.dir/C_/Users/Sara/.pico-sdk/sdk/2.1.0/src/common/pico_sync/mutex.c.obj
                0x20000100                mutex_try_enter_block_until
 .time_critical.mutex_enter_timeout_ms
                0x2000019c       0x90 CMakeFiles/pwm_02.dir/C_/Users/Sara/.pico-sdk/sdk/2.1.0/src/common/pico_sync/mutex.c.obj
                0x2000019c                mutex_enter_timeout_ms
 .time_critical.mutex_exit
                0x2000022c       0x28 CMakeFiles/pwm_02.dir/C_/Users/Sara/.pico-sdk/sdk/2.1.0/src/common/pico_sync/mutex.c.obj
                0x2000022c                mutex_exit
 .time_critical.flash_init_boot2_copyout
                0x20000254       0x30 CMakeFiles/pwm_02.dir/C_/Users/Sara/.pico-sdk/sdk/2.1.0/src/rp2_common/hardware_flash/flash.c.obj
 .time_critical.flash_enable_xip_via_boot2
                0x20000284        0xc CMakeFiles/pwm_02.dir/C_/Users/Sara/.pico-sdk/sdk/2.1.0/src/rp2_common/hardware_flash/flash.c.obj
 .time_critical.flash_cs_force
                0x20000290       0x38 CMakeFiles/pwm_02.dir/C_/Users/Sara/.pico-sdk/sdk/2.1.0/src/rp2_common/hardware_flash/flash.c.obj
 .time_critical.flash_do_cmd
                0x200002c8       0xc0 CMakeFiles/pwm_02.dir/C_/Users/Sara/.pico-sdk/sdk/2.1.0/src/rp2_common/hardware_flash/flash.c.obj
                0x200002c8                flash_do_cmd
 .time_critical.reset_non_control_endpoints
                0x20000388       0x68 CMakeFiles/pwm_02.dir/C_/Users/Sara/.pico-sdk/sdk/2.1.0/lib/tinyusb/src/portable/raspberrypi/rp2040/dcd_rp2040.c.obj
 .time_critical.hw_handle_buff_status
                0x200003f0       0xb0 CMakeFiles/pwm_02.dir/C_/Users/Sara/.pico-sdk/sdk/2.1.0/lib/tinyusb/src/portable/raspberrypi/rp2040/dcd_rp2040.c.obj
 .time_critical.dcd_rp2040_irq
                0x200004a0      0x578 CMakeFiles/pwm_02.dir/C_/Users/Sara/.pico-sdk/sdk/2.1.0/lib/tinyusb/src/portable/raspberrypi/rp2040/dcd_rp2040.c.obj
 .time_critical.prepare_ep_buffer
                0x20000a18       0xe0 CMakeFiles/pwm_02.dir/C_/Users/Sara/.pico-sdk/sdk/2.1.0/lib/tinyusb/src/portable/raspberrypi/rp2040/rp2040_usb.c.obj
 .time_critical.sync_ep_buffer
                0x20000af8       0xa8 CMakeFiles/pwm_02.dir/C_/Users/Sara/.pico-sdk/sdk/2.1.0/lib/tinyusb/src/portable/raspberrypi/rp2040/rp2040_usb.c.obj
 .time_critical._hw_endpoint_xfer_sync
                0x20000ba0       0x28 CMakeFiles/pwm_02.dir/C_/Users/Sara/.pico-sdk/sdk/2.1.0/lib/tinyusb/src/portable/raspberrypi/rp2040/rp2040_usb.c.obj
 .time_critical.e15_is_bulkin_ep
                0x20000bc8       0x28 CMakeFiles/pwm_02.dir/C_/Users/Sara/.pico-sdk/sdk/2.1.0/lib/tinyusb/src/portable/raspberrypi/rp2040/rp2040_usb.c.obj
 .time_critical.e15_is_critical_frame_period
                0x20000bf0       0x34 CMakeFiles/pwm_02.dir/C_/Users/Sara/.pico-sdk/sdk/2.1.0/lib/tinyusb/src/portable/raspberrypi/rp2040/rp2040_usb.c.obj
 .time_critical.hw_endpoint_reset_transfer
                0x20000c24        0xc CMakeFiles/pwm_02.dir/C_/Users/Sara/.pico-sdk/sdk/2.1.0/lib/tinyusb/src/portable/raspberrypi/rp2040/rp2040_usb.c.obj
                0x20000c24                hw_endpoint_reset_transfer
 .time_critical._hw_endpoint_buffer_control_update32
                0x20000c30       0x50 CMakeFiles/pwm_02.dir/C_/Users/Sara/.pico-sdk/sdk/2.1.0/lib/tinyusb/src/portable/raspberrypi/rp2040/rp2040_usb.c.obj
                0x20000c30                _hw_endpoint_buffer_control_update32
 .time_critical.hw_endpoint_start_next_buffer
                0x20000c80       0x6c CMakeFiles/pwm_02.dir/C_/Users/Sara/.pico-sdk/sdk/2.1.0/lib/tinyusb/src/portable/raspberrypi/rp2040/rp2040_usb.c.obj
                0x20000c80                hw_endpoint_start_next_buffer
 .time_critical.hw_endpoint_xfer_continue
                0x20000cec       0x40 CMakeFiles/pwm_02.dir/C_/Users/Sara/.pico-sdk/sdk/2.1.0/lib/tinyusb/src/portable/raspberrypi/rp2040/rp2040_usb.c.obj
                0x20000cec                hw_endpoint_xfer_continue
 .time_critical.tinyusb
                0x20000d2c      0x1e4 CMakeFiles/pwm_02.dir/C_/Users/Sara/.pico-sdk/sdk/2.1.0/lib/tinyusb/src/device/usbd.c.obj
                0x20000d2c                dcd_event_handler
 *(.text*)
 .text          0x20000f10        0x4 C:/Users/Sara/.pico-sdk/toolchain/13_3_Rel1/bin/../lib/gcc/arm-none-eabi/13.3.1/thumb/v6-m/nofp\libgcc.a(_dvmd_tls.o)
                0x20000f10                __aeabi_idiv0
                0x20000f10                __aeabi_ldiv0
 *fill*         0x20000f14        0x4 
 .text.__stub   0x20000f18       0x80 linker stubs
                0x20000f98                        . = ALIGN (0x4)
 *(.rodata*)
                0x20000f98                        . = ALIGN (0x4)
 *(.data*)
 .data.constante
                0x20000f98        0x4 CMakeFiles/pwm_02.dir/pwm_02.c.obj
                0x20000f98                constante
 .data.striped_spin_lock_num
                0x20000f9c        0x1 CMakeFiles/pwm_02.dir/C_/Users/Sara/.pico-sdk/sdk/2.1.0/src/rp2_common/hardware_sync/sync.c.obj
 *fill*         0x20000f9d        0x3 
 .data          0x20000fa0       0x48 CMakeFiles/pwm_02.dir/C_/Users/Sara/.pico-sdk/sdk/2.1.0/src/rp2_common/hardware_irq/irq_handler_chain.S.obj
                0x20000fa0                irq_handler_chain_slots
                0x20000fd0                irq_handler_chain_first_slot
                0x20000fda                irq_handler_chain_remove_tail
 .data.default_alarm_pool
                0x20000fe8       0x18 CMakeFiles/pwm_02.dir/C_/Users/Sara/.pico-sdk/sdk/2.1.0/src/common/pico_time/time.c.obj
 *fill*         0x20001000        0x0 
 .data.aeabi_bits_funcs
                0x20001000       0x10 CMakeFiles/pwm_02.dir/C_/Users/Sara/.pico-sdk/sdk/2.1.0/src/rp2_common/pico_bit_ops/bit_ops_aeabi.S.obj
                0x20001000                aeabi_bits_funcs
                0x20001010                aeabi_bits_funcs_end
 .data.aeabi_mem_funcs
                0x20001010       0x10 CMakeFiles/pwm_02.dir/C_/Users/Sara/.pico-sdk/sdk/2.1.0/src/rp2_common/pico_mem_ops/mem_ops_aeabi.S.obj
                0x20001010                aeabi_mem_funcs
                0x20001020                aeabi_mem_funcs_end
 .data.stdio_usb
                0x20001020       0x18 CMakeFiles/pwm_02.dir/C_/Users/Sara/.pico-sdk/sdk/2.1.0/src/rp2_common/pico_stdio_usb/stdio_usb.c.obj
                0x20001020                stdio_usb
 .data._usbd_qdef
                0x20001038       0x1c CMakeFiles/pwm_02.dir/C_/Users/Sara/.pico-sdk/sdk/2.1.0/lib/tinyusb/src/device/usbd.c.obj
                0x20001038                _usbd_qdef
 .data._usbd_rhport
                0x20001054        0x1 CMakeFiles/pwm_02.dir/C_/Users/Sara/.pico-sdk/sdk/2.1.0/lib/tinyusb/src/device/usbd.c.obj
                0x20001058                        . = ALIGN (0x4)
 *fill*         0x20001055        0x3 
 *(.after_data.*)
                0x20001058                        . = ALIGN (0x4)
                0x20001058                        PROVIDE (__mutex_array_start = .)
 *(SORT_BY_NAME(.mutex_array.*))
 *(.mutex_array)
 .mutex_array   0x20001058        0x8 CMakeFiles/pwm_02.dir/C_/Users/Sara/.pico-sdk/sdk/2.1.0/src/rp2_common/pico_stdio/stdio.c.obj
                0x20001060                        PROVIDE (__mutex_array_end = .)
                0x20001060                        . = ALIGN (0x4)
 *(.jcr)
                0x20001060                        . = ALIGN (0x4)

.tm_clone_table
                0x20001060        0x0 load address 0x100059e4
 .tm_clone_table
                0x20001060        0x0 C:/Users/Sara/.pico-sdk/toolchain/13_3_Rel1/bin/../lib/gcc/arm-none-eabi/13.3.1/thumb/v6-m/nofp/crtbegin.o
 .tm_clone_table
                0x20001060        0x0 C:/Users/Sara/.pico-sdk/toolchain/13_3_Rel1/bin/../lib/gcc/arm-none-eabi/13.3.1/thumb/v6-m/nofp/crtend.o

.igot.plt       0x20001060        0x0 load address 0x100059e4
 .igot.plt      0x20001060        0x0 C:/Users/Sara/.pico-sdk/toolchain/13_3_Rel1/bin/../lib/gcc/arm-none-eabi/13.3.1/thumb/v6-m/nofp/crtbegin.o

.tdata          0x20001060        0x0 load address 0x100059e4
                0x20001060                        . = ALIGN (0x4)
 *(.tdata .tdata.* .gnu.linkonce.td.*)
                0x20001060                        __tdata_end = .
                0x20001060                        PROVIDE (__data_end__ = .)
                0x10004a44                        __etext = LOADADDR (.data)

.tbss           0x20001060        0x0 load address 0x100059e4
                0x20001060                        . = ALIGN (0x4)
                0x20001060                        __bss_start__ = .
                0x20001060                        __tls_base = .
 *(.tbss .tbss.* .gnu.linkonce.tb.*)
 *(.tcommon)
                0x20001060                        __tls_end = .

.bss            0x20001060     0x1078 load address 0x100059e4
                0x20001060                        . = ALIGN (0x4)
                0x20001060                        __tbss_end = .
 *(SORT_BY_ALIGNMENT(SORT_BY_NAME(.bss*)))
 .bss.default_alarm_pool_entries
                0x20001060      0x180 CMakeFiles/pwm_02.dir/C_/Users/Sara/.pico-sdk/sdk/2.1.0/src/common/pico_time/time.c.obj
 .bss.last_avail_time.1
                0x200011e0        0x8 CMakeFiles/pwm_02.dir/C_/Users/Sara/.pico-sdk/sdk/2.1.0/src/rp2_common/pico_stdio_usb/stdio_usb.c.obj
 .bss.sd_table  0x200011e8      0x100 CMakeFiles/pwm_02.dir/C_/Users/Sara/.pico-sdk/sdk/2.1.0/src/rp2_common/pico_double/double_init_rom_rp2040.c.obj
                0x200011e8                sd_table
 .bss._app_driver
                0x200012e8        0x4 CMakeFiles/pwm_02.dir/C_/Users/Sara/.pico-sdk/sdk/2.1.0/lib/tinyusb/src/device/usbd.c.obj
 .bss._cdcd_fifo_cfg
                0x200012ec        0x1 CMakeFiles/pwm_02.dir/C_/Users/Sara/.pico-sdk/sdk/2.1.0/lib/tinyusb/src/class/cdc/cdc_device.c.obj
 *fill*         0x200012ed        0x3 
 .bss._cdcd_itf
                0x200012f0      0x2c8 CMakeFiles/pwm_02.dir/C_/Users/Sara/.pico-sdk/sdk/2.1.0/lib/tinyusb/src/class/cdc/cdc_device.c.obj
 .bss._ctrl_xfer
                0x200015b8       0x14 CMakeFiles/pwm_02.dir/C_/Users/Sara/.pico-sdk/sdk/2.1.0/lib/tinyusb/src/device/usbd_control.c.obj
 .bss._ubsd_mutexdef
                0x200015cc        0x8 CMakeFiles/pwm_02.dir/C_/Users/Sara/.pico-sdk/sdk/2.1.0/lib/tinyusb/src/device/usbd.c.obj
 .bss._usbd_ctrl_buf
                0x200015d4       0x40 CMakeFiles/pwm_02.dir/C_/Users/Sara/.pico-sdk/sdk/2.1.0/lib/tinyusb/src/device/usbd_control.c.obj
 .bss._usbd_dev
                0x20001614       0x54 CMakeFiles/pwm_02.dir/C_/Users/Sara/.pico-sdk/sdk/2.1.0/lib/tinyusb/src/device/usbd.c.obj
 .bss._usbd_mutex
                0x20001668        0x4 CMakeFiles/pwm_02.dir/C_/Users/Sara/.pico-sdk/sdk/2.1.0/lib/tinyusb/src/device/usbd.c.obj
 .bss._usbd_q   0x2000166c        0x4 CMakeFiles/pwm_02.dir/C_/Users/Sara/.pico-sdk/sdk/2.1.0/lib/tinyusb/src/device/usbd.c.obj
 .bss._usbd_qdef_buf
                0x20001670       0xc0 CMakeFiles/pwm_02.dir/C_/Users/Sara/.pico-sdk/sdk/2.1.0/lib/tinyusb/src/device/usbd.c.obj
                0x20001670                _usbd_qdef_buf
 .bss._vendord_itf
                0x20001730      0x2cc CMakeFiles/pwm_02.dir/C_/Users/Sara/.pico-sdk/sdk/2.1.0/lib/tinyusb/src/class/vendor/vendor_device.c.obj
 .bss.boot2_copyout
                0x200019fc      0x100 CMakeFiles/pwm_02.dir/C_/Users/Sara/.pico-sdk/sdk/2.1.0/src/rp2_common/hardware_flash/flash.c.obj
 .bss.chars_available_callback
                0x20001afc        0x4 CMakeFiles/pwm_02.dir/C_/Users/Sara/.pico-sdk/sdk/2.1.0/src/rp2_common/pico_stdio_usb/stdio_usb.c.obj
 .bss.chars_available_param
                0x20001b00        0x4 CMakeFiles/pwm_02.dir/C_/Users/Sara/.pico-sdk/sdk/2.1.0/src/rp2_common/pico_stdio_usb/stdio_usb.c.obj
 .bss.claimed   0x20001b04        0x4 CMakeFiles/pwm_02.dir/C_/Users/Sara/.pico-sdk/sdk/2.1.0/src/rp2_common/hardware_sync/sync.c.obj
 .bss.claimed   0x20001b08        0x1 CMakeFiles/pwm_02.dir/C_/Users/Sara/.pico-sdk/sdk/2.1.0/src/rp2_common/hardware_timer/timer.c.obj
 *fill*         0x20001b09        0x3 
 .bss.configured_freq
                0x20001b0c       0x28 CMakeFiles/pwm_02.dir/C_/Users/Sara/.pico-sdk/sdk/2.1.0/src/rp2_common/hardware_clocks/clocks.c.obj
 .bss.desc_str.0
                0x20001b34       0x28 CMakeFiles/pwm_02.dir/C_/Users/Sara/.pico-sdk/sdk/2.1.0/src/rp2_common/pico_stdio_usb/stdio_usb_descriptors.c.obj
 .bss.drivers   0x20001b5c        0x4 CMakeFiles/pwm_02.dir/C_/Users/Sara/.pico-sdk/sdk/2.1.0/src/rp2_common/pico_stdio/stdio.c.obj
 .bss.e15_last_sof
                0x20001b60        0x4 CMakeFiles/pwm_02.dir/C_/Users/Sara/.pico-sdk/sdk/2.1.0/lib/tinyusb/src/portable/raspberrypi/rp2040/rp2040_usb.c.obj
                0x20001b60                e15_last_sof
 .bss.filter    0x20001b64        0x4 CMakeFiles/pwm_02.dir/C_/Users/Sara/.pico-sdk/sdk/2.1.0/src/rp2_common/pico_stdio/stdio.c.obj
 .bss.hw_endpoints
                0x20001b68      0x400 CMakeFiles/pwm_02.dir/C_/Users/Sara/.pico-sdk/sdk/2.1.0/lib/tinyusb/src/portable/raspberrypi/rp2040/dcd_rp2040.c.obj
 .bss.lazy_vsnprintf
                0x20001f68        0x4 CMakeFiles/pwm_02.dir/C_/Users/Sara/.pico-sdk/sdk/2.1.0/src/rp2_common/pico_printf/printf.c.obj
 .bss.load_value
                0x20001f6c        0x4 CMakeFiles/pwm_02.dir/C_/Users/Sara/.pico-sdk/sdk/2.1.0/src/rp2_common/hardware_watchdog/watchdog.c.obj
 .bss.next_buffer_ptr
                0x20001f70        0x4 CMakeFiles/pwm_02.dir/C_/Users/Sara/.pico-sdk/sdk/2.1.0/lib/tinyusb/src/portable/raspberrypi/rp2040/dcd_rp2040.c.obj
 .bss.object.0  0x20001f74       0x18 C:/Users/Sara/.pico-sdk/toolchain/13_3_Rel1/bin/../lib/gcc/arm-none-eabi/13.3.1/thumb/v6-m/nofp/crtbegin.o
 .bss.one_shot_timer_crit_sec
                0x20001f8c        0x8 CMakeFiles/pwm_02.dir/C_/Users/Sara/.pico-sdk/sdk/2.1.0/src/rp2_common/pico_stdio_usb/stdio_usb.c.obj
 .bss.pools     0x20001f94       0x10 CMakeFiles/pwm_02.dir/C_/Users/Sara/.pico-sdk/sdk/2.1.0/src/common/pico_time/time.c.obj
 .bss.retrieved_id
                0x20001fa4        0x8 CMakeFiles/pwm_02.dir/C_/Users/Sara/.pico-sdk/sdk/2.1.0/src/rp2_common/pico_unique_id/unique_id.c.obj
 .bss.sf_clz_func
                0x20001fac        0x4 CMakeFiles/pwm_02.dir/C_/Users/Sara/.pico-sdk/sdk/2.1.0/src/rp2_common/pico_double/double_init_rom_rp2040.c.obj
                0x20001fac                sf_clz_func
 .bss.sf_table  0x20001fb0      0x100 CMakeFiles/pwm_02.dir/C_/Users/Sara/.pico-sdk/sdk/2.1.0/src/rp2_common/pico_float/float_init_rom_rp2040.c.obj
                0x20001fb0                sf_table
 .bss.sleep_notifier
                0x200020b0        0x4 CMakeFiles/pwm_02.dir/C_/Users/Sara/.pico-sdk/sdk/2.1.0/src/common/pico_time/time.c.obj
 .bss.stdio_usb_mutex
                0x200020b4        0x8 CMakeFiles/pwm_02.dir/C_/Users/Sara/.pico-sdk/sdk/2.1.0/src/rp2_common/pico_stdio_usb/stdio_usb.c.obj
 .bss.usbd_serial_str
                0x200020bc       0x11 CMakeFiles/pwm_02.dir/C_/Users/Sara/.pico-sdk/sdk/2.1.0/src/rp2_common/pico_stdio_usb/stdio_usb_descriptors.c.obj
 .bss._app_driver_count
                0x200020cd        0x1 CMakeFiles/pwm_02.dir/C_/Users/Sara/.pico-sdk/sdk/2.1.0/lib/tinyusb/src/device/usbd.c.obj
 .bss._sof_enable
                0x200020ce        0x1 CMakeFiles/pwm_02.dir/C_/Users/Sara/.pico-sdk/sdk/2.1.0/lib/tinyusb/src/portable/raspberrypi/rp2040/dcd_rp2040.c.obj
 .bss._usbd_queued_setup
                0x200020cf        0x1 CMakeFiles/pwm_02.dir/C_/Users/Sara/.pico-sdk/sdk/2.1.0/lib/tinyusb/src/device/usbd.c.obj
 .bss.boot2_copyout_valid
                0x200020d0        0x1 CMakeFiles/pwm_02.dir/C_/Users/Sara/.pico-sdk/sdk/2.1.0/src/rp2_common/hardware_flash/flash.c.obj
 .bss.irq_handler_chain_free_slot_head
                0x200020d1        0x1 CMakeFiles/pwm_02.dir/C_/Users/Sara/.pico-sdk/sdk/2.1.0/src/rp2_common/hardware_irq/irq.c.obj
 .bss.itf_num   0x200020d2        0x1 CMakeFiles/pwm_02.dir/C_/Users/Sara/.pico-sdk/sdk/2.1.0/src/rp2_common/pico_stdio_usb/reset_interface.c.obj
 .bss.low_priority_irq_num
                0x200020d3        0x1 CMakeFiles/pwm_02.dir/C_/Users/Sara/.pico-sdk/sdk/2.1.0/src/rp2_common/pico_stdio_usb/stdio_usb.c.obj
 .bss.one_shot_timer_pending
                0x200020d4        0x1 CMakeFiles/pwm_02.dir/C_/Users/Sara/.pico-sdk/sdk/2.1.0/src/rp2_common/pico_stdio_usb/stdio_usb.c.obj
 .bss.user_irq_claimed
                0x200020d5        0x1 CMakeFiles/pwm_02.dir/C_/Users/Sara/.pico-sdk/sdk/2.1.0/src/rp2_common/hardware_irq/irq.c.obj
 *(COMMON)
                0x200020d8                        . = ALIGN (0x4)
 *fill*         0x200020d6        0x2 
                0x200020d8                        __bss_end__ = .

.heap           0x200020d8      0x800 load address 0x100059e4
                0x200020d8                        __end__ = .
                0x200020d8                        end = __end__
 *(.heap*)
 .heap          0x200020d8      0x800 CMakeFiles/pwm_02.dir/C_/Users/Sara/.pico-sdk/sdk/2.1.0/src/rp2_common/pico_crt0/crt0.S.obj
                0x20040000                        __HeapLimit = (ORIGIN (RAM) + LENGTH (RAM))

.scratch_x      0x20040000        0x0 load address 0x100059e4
                0x20040000                        __scratch_x_start__ = .
 *(.scratch_x.*)
                0x20040000                        . = ALIGN (0x4)
                0x20040000                        __scratch_x_end__ = .
                0x100059e4                        __scratch_x_source__ = LOADADDR (.scratch_x)

.scratch_y      0x20041000        0x0 load address 0x100059e4
                0x20041000                        __scratch_y_start__ = .
 *(.scratch_y.*)
                0x20041000                        . = ALIGN (0x4)
                0x20041000                        __scratch_y_end__ = .
                0x100059e4                        __scratch_y_source__ = LOADADDR (.scratch_y)

.stack1_dummy
 *(.stack1*)

.stack_dummy    0x20041000      0x800
 *(.stack*)
 .stack         0x20041000      0x800 CMakeFiles/pwm_02.dir/C_/Users/Sara/.pico-sdk/sdk/2.1.0/src/rp2_common/pico_crt0/crt0.S.obj

.flash_end      0x100059e4        0x0
 *(.embedded_end_block*)
                0x100059e4                        PROVIDE (__flash_binary_end = .)
                0x20040000                        __StackLimit = (ORIGIN (RAM) + LENGTH (RAM))
                0x20041000                        __StackOneTop = (ORIGIN (SCRATCH_X) + LENGTH (SCRATCH_X))
                0x20042000                        __StackTop = (ORIGIN (SCRATCH_Y) + LENGTH (SCRATCH_Y))
                0x20041000                        __StackOneBottom = (__StackOneTop - SIZEOF (.stack1_dummy))
                0x20041800                        __StackBottom = (__StackTop - SIZEOF (.stack_dummy))
                0x20042000                        PROVIDE (__stack = __StackTop)
                [!provide]                        PROVIDE (__heap_start = __end__)
                [!provide]                        PROVIDE (__heap_end = __HeapLimit)
                [!provide]                        PROVIDE (__tls_align = MAX (ALIGNOF (.tdata), ALIGNOF (.tbss)))
                [!provide]                        PROVIDE (__tls_size_align = (((__tls_size + __tls_align) - 0x1) & ~ ((__tls_align - 0x1))))
                [!provide]                        PROVIDE (__arm32_tls_tcb_offset = MAX (0x8, __tls_align))
                [!provide]                        PROVIDE (_end = __end__)
                [!provide]                        PROVIDE (__llvm_libc_heap_limit = __HeapLimit)
                0x00000001                        ASSERT ((__StackLimit >= __HeapLimit), region RAM overflowed)
                0x00000001                        ASSERT (((__binary_info_header_end - __logical_binary_start) <= 0x100), Binary info must be in first 256 bytes of the binary)
LOAD CMakeFiles/pwm_02.dir/pwm_02.c.obj
LOAD CMakeFiles/pwm_02.dir/C_/Users/Sara/.pico-sdk/sdk/2.1.0/src/rp2_common/pico_stdlib/stdlib.c.obj
LOAD CMakeFiles/pwm_02.dir/C_/Users/Sara/.pico-sdk/sdk/2.1.0/src/rp2_common/hardware_gpio/gpio.c.obj
LOAD CMakeFiles/pwm_02.dir/C_/Users/Sara/.pico-sdk/sdk/2.1.0/src/rp2040/pico_platform/platform.c.obj
LOAD CMakeFiles/pwm_02.dir/C_/Users/Sara/.pico-sdk/sdk/2.1.0/src/rp2_common/pico_platform_panic/panic.c.obj
LOAD CMakeFiles/pwm_02.dir/C_/Users/Sara/.pico-sdk/sdk/2.1.0/src/common/hardware_claim/claim.c.obj
LOAD CMakeFiles/pwm_02.dir/C_/Users/Sara/.pico-sdk/sdk/2.1.0/src/rp2_common/hardware_sync/sync.c.obj
LOAD CMakeFiles/pwm_02.dir/C_/Users/Sara/.pico-sdk/sdk/2.1.0/src/rp2_common/hardware_sync_spin_lock/sync_spin_lock.c.obj
LOAD CMakeFiles/pwm_02.dir/C_/Users/Sara/.pico-sdk/sdk/2.1.0/src/rp2_common/hardware_irq/irq.c.obj
LOAD CMakeFiles/pwm_02.dir/C_/Users/Sara/.pico-sdk/sdk/2.1.0/src/rp2_common/hardware_irq/irq_handler_chain.S.obj
LOAD CMakeFiles/pwm_02.dir/C_/Users/Sara/.pico-sdk/sdk/2.1.0/src/common/pico_sync/sem.c.obj
LOAD CMakeFiles/pwm_02.dir/C_/Users/Sara/.pico-sdk/sdk/2.1.0/src/common/pico_sync/lock_core.c.obj
LOAD CMakeFiles/pwm_02.dir/C_/Users/Sara/.pico-sdk/sdk/2.1.0/src/common/pico_sync/mutex.c.obj
LOAD CMakeFiles/pwm_02.dir/C_/Users/Sara/.pico-sdk/sdk/2.1.0/src/common/pico_sync/critical_section.c.obj
LOAD CMakeFiles/pwm_02.dir/C_/Users/Sara/.pico-sdk/sdk/2.1.0/src/common/pico_time/time.c.obj
LOAD CMakeFiles/pwm_02.dir/C_/Users/Sara/.pico-sdk/sdk/2.1.0/src/common/pico_time/timeout_helper.c.obj
LOAD CMakeFiles/pwm_02.dir/C_/Users/Sara/.pico-sdk/sdk/2.1.0/src/rp2_common/hardware_timer/timer.c.obj
LOAD CMakeFiles/pwm_02.dir/C_/Users/Sara/.pico-sdk/sdk/2.1.0/src/common/pico_util/datetime.c.obj
LOAD CMakeFiles/pwm_02.dir/C_/Users/Sara/.pico-sdk/sdk/2.1.0/src/common/pico_util/pheap.c.obj
LOAD CMakeFiles/pwm_02.dir/C_/Users/Sara/.pico-sdk/sdk/2.1.0/src/common/pico_util/queue.c.obj
LOAD CMakeFiles/pwm_02.dir/C_/Users/Sara/.pico-sdk/sdk/2.1.0/src/rp2_common/hardware_uart/uart.c.obj
LOAD CMakeFiles/pwm_02.dir/C_/Users/Sara/.pico-sdk/sdk/2.1.0/src/rp2_common/hardware_clocks/clocks.c.obj
LOAD CMakeFiles/pwm_02.dir/C_/Users/Sara/.pico-sdk/sdk/2.1.0/src/rp2_common/hardware_pll/pll.c.obj
LOAD CMakeFiles/pwm_02.dir/C_/Users/Sara/.pico-sdk/sdk/2.1.0/src/rp2_common/hardware_vreg/vreg.c.obj
LOAD CMakeFiles/pwm_02.dir/C_/Users/Sara/.pico-sdk/sdk/2.1.0/src/rp2_common/hardware_watchdog/watchdog.c.obj
LOAD CMakeFiles/pwm_02.dir/C_/Users/Sara/.pico-sdk/sdk/2.1.0/src/rp2_common/hardware_ticks/ticks.c.obj
LOAD CMakeFiles/pwm_02.dir/C_/Users/Sara/.pico-sdk/sdk/2.1.0/src/rp2_common/pico_bootrom/bootrom.c.obj
LOAD CMakeFiles/pwm_02.dir/C_/Users/Sara/.pico-sdk/sdk/2.1.0/src/rp2_common/pico_bootrom/bootrom_lock.c.obj
LOAD CMakeFiles/pwm_02.dir/C_/Users/Sara/.pico-sdk/sdk/2.1.0/src/rp2_common/hardware_boot_lock/boot_lock.c.obj
LOAD CMakeFiles/pwm_02.dir/C_/Users/Sara/.pico-sdk/sdk/2.1.0/src/rp2_common/pico_flash/flash.c.obj
LOAD CMakeFiles/pwm_02.dir/C_/Users/Sara/.pico-sdk/sdk/2.1.0/src/rp2_common/hardware_xosc/xosc.c.obj
LOAD CMakeFiles/pwm_02.dir/C_/Users/Sara/.pico-sdk/sdk/2.1.0/src/rp2_common/hardware_divider/divider.S.obj
LOAD CMakeFiles/pwm_02.dir/C_/Users/Sara/.pico-sdk/sdk/2.1.0/src/rp2_common/pico_runtime/runtime.c.obj
LOAD CMakeFiles/pwm_02.dir/C_/Users/Sara/.pico-sdk/sdk/2.1.0/src/rp2_common/pico_runtime_init/runtime_init.c.obj
LOAD CMakeFiles/pwm_02.dir/C_/Users/Sara/.pico-sdk/sdk/2.1.0/src/rp2_common/pico_runtime_init/runtime_init_clocks.c.obj
LOAD CMakeFiles/pwm_02.dir/C_/Users/Sara/.pico-sdk/sdk/2.1.0/src/rp2_common/pico_runtime_init/runtime_init_stack_guard.c.obj
LOAD CMakeFiles/pwm_02.dir/C_/Users/Sara/.pico-sdk/sdk/2.1.0/src/rp2_common/pico_bit_ops/bit_ops_aeabi.S.obj
LOAD CMakeFiles/pwm_02.dir/C_/Users/Sara/.pico-sdk/sdk/2.1.0/src/rp2_common/pico_divider/divider_hardware.S.obj
LOAD CMakeFiles/pwm_02.dir/C_/Users/Sara/.pico-sdk/sdk/2.1.0/src/rp2_common/pico_double/double_aeabi_rp2040.S.obj
LOAD CMakeFiles/pwm_02.dir/C_/Users/Sara/.pico-sdk/sdk/2.1.0/src/rp2_common/pico_double/double_init_rom_rp2040.c.obj
LOAD CMakeFiles/pwm_02.dir/C_/Users/Sara/.pico-sdk/sdk/2.1.0/src/rp2_common/pico_double/double_math.c.obj
LOAD CMakeFiles/pwm_02.dir/C_/Users/Sara/.pico-sdk/sdk/2.1.0/src/rp2_common/pico_double/double_v1_rom_shim_rp2040.S.obj
LOAD CMakeFiles/pwm_02.dir/C_/Users/Sara/.pico-sdk/sdk/2.1.0/src/rp2_common/pico_int64_ops/pico_int64_ops_aeabi.S.obj
LOAD CMakeFiles/pwm_02.dir/C_/Users/Sara/.pico-sdk/sdk/2.1.0/src/rp2_common/pico_float/float_aeabi_rp2040.S.obj
LOAD CMakeFiles/pwm_02.dir/C_/Users/Sara/.pico-sdk/sdk/2.1.0/src/rp2_common/pico_float/float_init_rom_rp2040.c.obj
LOAD CMakeFiles/pwm_02.dir/C_/Users/Sara/.pico-sdk/sdk/2.1.0/src/rp2_common/pico_float/float_math.c.obj
LOAD CMakeFiles/pwm_02.dir/C_/Users/Sara/.pico-sdk/sdk/2.1.0/src/rp2_common/pico_float/float_v1_rom_shim_rp2040.S.obj
LOAD CMakeFiles/pwm_02.dir/C_/Users/Sara/.pico-sdk/sdk/2.1.0/src/rp2_common/pico_malloc/malloc.c.obj
LOAD CMakeFiles/pwm_02.dir/C_/Users/Sara/.pico-sdk/sdk/2.1.0/src/rp2_common/pico_mem_ops/mem_ops_aeabi.S.obj
LOAD CMakeFiles/pwm_02.dir/C_/Users/Sara/.pico-sdk/sdk/2.1.0/src/rp2_common/pico_atomic/atomic.c.obj
LOAD CMakeFiles/pwm_02.dir/C_/Users/Sara/.pico-sdk/sdk/2.1.0/src/rp2_common/pico_cxx_options/new_delete.cpp.obj
LOAD CMakeFiles/pwm_02.dir/C_/Users/Sara/.pico-sdk/sdk/2.1.0/src/rp2_common/pico_standard_binary_info/standard_binary_info.c.obj
LOAD CMakeFiles/pwm_02.dir/C_/Users/Sara/.pico-sdk/sdk/2.1.0/src/rp2_common/pico_printf/printf.c.obj
LOAD CMakeFiles/pwm_02.dir/C_/Users/Sara/.pico-sdk/sdk/2.1.0/src/rp2_common/pico_crt0/crt0.S.obj
LOAD CMakeFiles/pwm_02.dir/C_/Users/Sara/.pico-sdk/sdk/2.1.0/src/rp2_common/pico_clib_interface/newlib_interface.c.obj
LOAD CMakeFiles/pwm_02.dir/C_/Users/Sara/.pico-sdk/sdk/2.1.0/src/rp2_common/pico_stdio/stdio.c.obj
LOAD CMakeFiles/pwm_02.dir/C_/Users/Sara/.pico-sdk/sdk/2.1.0/src/rp2_common/pico_stdio_usb/reset_interface.c.obj
LOAD CMakeFiles/pwm_02.dir/C_/Users/Sara/.pico-sdk/sdk/2.1.0/src/rp2_common/pico_stdio_usb/stdio_usb.c.obj
LOAD CMakeFiles/pwm_02.dir/C_/Users/Sara/.pico-sdk/sdk/2.1.0/src/rp2_common/pico_stdio_usb/stdio_usb_descriptors.c.obj
LOAD CMakeFiles/pwm_02.dir/C_/Users/Sara/.pico-sdk/sdk/2.1.0/src/rp2_common/pico_unique_id/unique_id.c.obj
LOAD CMakeFiles/pwm_02.dir/C_/Users/Sara/.pico-sdk/sdk/2.1.0/src/rp2_common/hardware_flash/flash.c.obj
LOAD CMakeFiles/pwm_02.dir/C_/Users/Sara/.pico-sdk/sdk/2.1.0/src/rp2_common/hardware_xip_cache/xip_cache.c.obj
LOAD CMakeFiles/pwm_02.dir/C_/Users/Sara/.pico-sdk/sdk/2.1.0/lib/tinyusb/src/portable/raspberrypi/rp2040/dcd_rp2040.c.obj
LOAD CMakeFiles/pwm_02.dir/C_/Users/Sara/.pico-sdk/sdk/2.1.0/lib/tinyusb/src/portable/raspberrypi/rp2040/rp2040_usb.c.obj
LOAD CMakeFiles/pwm_02.dir/C_/Users/Sara/.pico-sdk/sdk/2.1.0/lib/tinyusb/src/device/usbd.c.obj
LOAD CMakeFiles/pwm_02.dir/C_/Users/Sara/.pico-sdk/sdk/2.1.0/lib/tinyusb/src/device/usbd_control.c.obj
LOAD CMakeFiles/pwm_02.dir/C_/Users/Sara/.pico-sdk/sdk/2.1.0/lib/tinyusb/src/class/audio/audio_device.c.obj
LOAD CMakeFiles/pwm_02.dir/C_/Users/Sara/.pico-sdk/sdk/2.1.0/lib/tinyusb/src/class/cdc/cdc_device.c.obj
LOAD CMakeFiles/pwm_02.dir/C_/Users/Sara/.pico-sdk/sdk/2.1.0/lib/tinyusb/src/class/dfu/dfu_device.c.obj
LOAD CMakeFiles/pwm_02.dir/C_/Users/Sara/.pico-sdk/sdk/2.1.0/lib/tinyusb/src/class/dfu/dfu_rt_device.c.obj
LOAD CMakeFiles/pwm_02.dir/C_/Users/Sara/.pico-sdk/sdk/2.1.0/lib/tinyusb/src/class/hid/hid_device.c.obj
LOAD CMakeFiles/pwm_02.dir/C_/Users/Sara/.pico-sdk/sdk/2.1.0/lib/tinyusb/src/class/midi/midi_device.c.obj
LOAD CMakeFiles/pwm_02.dir/C_/Users/Sara/.pico-sdk/sdk/2.1.0/lib/tinyusb/src/class/msc/msc_device.c.obj
LOAD CMakeFiles/pwm_02.dir/C_/Users/Sara/.pico-sdk/sdk/2.1.0/lib/tinyusb/src/class/net/ecm_rndis_device.c.obj
LOAD CMakeFiles/pwm_02.dir/C_/Users/Sara/.pico-sdk/sdk/2.1.0/lib/tinyusb/src/class/net/ncm_device.c.obj
LOAD CMakeFiles/pwm_02.dir/C_/Users/Sara/.pico-sdk/sdk/2.1.0/lib/tinyusb/src/class/usbtmc/usbtmc_device.c.obj
LOAD CMakeFiles/pwm_02.dir/C_/Users/Sara/.pico-sdk/sdk/2.1.0/lib/tinyusb/src/class/vendor/vendor_device.c.obj
LOAD CMakeFiles/pwm_02.dir/C_/Users/Sara/.pico-sdk/sdk/2.1.0/lib/tinyusb/src/class/video/video_device.c.obj
LOAD CMakeFiles/pwm_02.dir/C_/Users/Sara/.pico-sdk/sdk/2.1.0/lib/tinyusb/src/tusb.c.obj
LOAD CMakeFiles/pwm_02.dir/C_/Users/Sara/.pico-sdk/sdk/2.1.0/lib/tinyusb/src/common/tusb_fifo.c.obj
LOAD CMakeFiles/pwm_02.dir/C_/Users/Sara/.pico-sdk/sdk/2.1.0/src/rp2_common/pico_fix/rp2040_usb_device_enumeration/rp2040_usb_device_enumeration.c.obj
LOAD pico-sdk/src/rp2040/boot_stage2/CMakeFiles/bs2_default_library.dir/./bs2_default_padded_checksummed.S.obj
LOAD C:/Users/Sara/.pico-sdk/toolchain/13_3_Rel1/bin/../lib/gcc/arm-none-eabi/13.3.1/thumb/v6-m/nofp\libstdc++.a
LOAD C:/Users/Sara/.pico-sdk/toolchain/13_3_Rel1/bin/../lib/gcc/arm-none-eabi/13.3.1/thumb/v6-m/nofp\libm.a
START GROUP
LOAD C:/Users/Sara/.pico-sdk/toolchain/13_3_Rel1/bin/../lib/gcc/arm-none-eabi/13.3.1/thumb/v6-m/nofp\libgcc.a
LOAD C:/Users/Sara/.pico-sdk/toolchain/13_3_Rel1/bin/../lib/gcc/arm-none-eabi/13.3.1/thumb/v6-m/nofp\libg.a
LOAD C:/Users/Sara/.pico-sdk/toolchain/13_3_Rel1/bin/../lib/gcc/arm-none-eabi/13.3.1/thumb/v6-m/nofp\libc.a
END GROUP
START GROUP
LOAD C:/Users/Sara/.pico-sdk/toolchain/13_3_Rel1/bin/../lib/gcc/arm-none-eabi/13.3.1/thumb/v6-m/nofp\libgcc.a
LOAD C:/Users/Sara/.pico-sdk/toolchain/13_3_Rel1/bin/../lib/gcc/arm-none-eabi/13.3.1/thumb/v6-m/nofp\libc.a
LOAD C:/Users/Sara/.pico-sdk/toolchain/13_3_Rel1/bin/../lib/gcc/arm-none-eabi/13.3.1/thumb/v6-m/nofp\libnosys.a
END GROUP
LOAD C:/Users/Sara/.pico-sdk/toolchain/13_3_Rel1/bin/../lib/gcc/arm-none-eabi/13.3.1/thumb/v6-m/nofp/crtend.o
LOAD C:/Users/Sara/.pico-sdk/toolchain/13_3_Rel1/bin/../lib/gcc/arm-none-eabi/13.3.1/thumb/v6-m/nofp/crtn.o
OUTPUT(pwm_02.elf elf32-littlearm)
LOAD linker stubs

.ARM.attributes
                0x00000000       0x28
 .ARM.attributes
                0x00000000       0x1e C:/Users/Sara/.pico-sdk/toolchain/13_3_Rel1/bin/../lib/gcc/arm-none-eabi/13.3.1/thumb/v6-m/nofp/crti.o
 .ARM.attributes
                0x0000001e       0x2c C:/Users/Sara/.pico-sdk/toolchain/13_3_Rel1/bin/../lib/gcc/arm-none-eabi/13.3.1/thumb/v6-m/nofp/crtbegin.o
 .ARM.attributes
                0x0000004a       0x2c CMakeFiles/pwm_02.dir/pwm_02.c.obj
 .ARM.attributes
                0x00000076       0x2c CMakeFiles/pwm_02.dir/C_/Users/Sara/.pico-sdk/sdk/2.1.0/src/rp2_common/hardware_gpio/gpio.c.obj
 .ARM.attributes
                0x000000a2       0x2c CMakeFiles/pwm_02.dir/C_/Users/Sara/.pico-sdk/sdk/2.1.0/src/rp2040/pico_platform/platform.c.obj
 .ARM.attributes
                0x000000ce       0x2c CMakeFiles/pwm_02.dir/C_/Users/Sara/.pico-sdk/sdk/2.1.0/src/rp2_common/pico_platform_panic/panic.c.obj
 .ARM.attributes
                0x000000fa       0x2c CMakeFiles/pwm_02.dir/C_/Users/Sara/.pico-sdk/sdk/2.1.0/src/common/hardware_claim/claim.c.obj
 .ARM.attributes
                0x00000126       0x2c CMakeFiles/pwm_02.dir/C_/Users/Sara/.pico-sdk/sdk/2.1.0/src/rp2_common/hardware_sync/sync.c.obj
 .ARM.attributes
                0x00000152       0x2c CMakeFiles/pwm_02.dir/C_/Users/Sara/.pico-sdk/sdk/2.1.0/src/rp2_common/hardware_sync_spin_lock/sync_spin_lock.c.obj
 .ARM.attributes
                0x0000017e       0x2c CMakeFiles/pwm_02.dir/C_/Users/Sara/.pico-sdk/sdk/2.1.0/src/rp2_common/hardware_irq/irq.c.obj
 .ARM.attributes
                0x000001aa       0x22 CMakeFiles/pwm_02.dir/C_/Users/Sara/.pico-sdk/sdk/2.1.0/src/rp2_common/hardware_irq/irq_handler_chain.S.obj
 .ARM.attributes
                0x000001cc       0x2c CMakeFiles/pwm_02.dir/C_/Users/Sara/.pico-sdk/sdk/2.1.0/src/common/pico_sync/lock_core.c.obj
 .ARM.attributes
                0x000001f8       0x2c CMakeFiles/pwm_02.dir/C_/Users/Sara/.pico-sdk/sdk/2.1.0/src/common/pico_sync/mutex.c.obj
 .ARM.attributes
                0x00000224       0x2c CMakeFiles/pwm_02.dir/C_/Users/Sara/.pico-sdk/sdk/2.1.0/src/common/pico_sync/critical_section.c.obj
 .ARM.attributes
                0x00000250       0x2c CMakeFiles/pwm_02.dir/C_/Users/Sara/.pico-sdk/sdk/2.1.0/src/common/pico_time/time.c.obj
 .ARM.attributes
                0x0000027c       0x2c CMakeFiles/pwm_02.dir/C_/Users/Sara/.pico-sdk/sdk/2.1.0/src/rp2_common/hardware_timer/timer.c.obj
 .ARM.attributes
                0x000002a8       0x2c CMakeFiles/pwm_02.dir/C_/Users/Sara/.pico-sdk/sdk/2.1.0/src/rp2_common/hardware_clocks/clocks.c.obj
 .ARM.attributes
                0x000002d4       0x2c CMakeFiles/pwm_02.dir/C_/Users/Sara/.pico-sdk/sdk/2.1.0/src/rp2_common/hardware_pll/pll.c.obj
 .ARM.attributes
                0x00000300       0x2c CMakeFiles/pwm_02.dir/C_/Users/Sara/.pico-sdk/sdk/2.1.0/src/rp2_common/hardware_watchdog/watchdog.c.obj
 .ARM.attributes
                0x0000032c       0x2c CMakeFiles/pwm_02.dir/C_/Users/Sara/.pico-sdk/sdk/2.1.0/src/rp2_common/hardware_ticks/ticks.c.obj
 .ARM.attributes
                0x00000358       0x2c CMakeFiles/pwm_02.dir/C_/Users/Sara/.pico-sdk/sdk/2.1.0/src/rp2_common/pico_bootrom/bootrom.c.obj
 .ARM.attributes
                0x00000384       0x2c CMakeFiles/pwm_02.dir/C_/Users/Sara/.pico-sdk/sdk/2.1.0/src/rp2_common/hardware_xosc/xosc.c.obj
 .ARM.attributes
                0x000003b0       0x2c CMakeFiles/pwm_02.dir/C_/Users/Sara/.pico-sdk/sdk/2.1.0/src/rp2_common/pico_runtime/runtime.c.obj
 .ARM.attributes
                0x000003dc       0x2c CMakeFiles/pwm_02.dir/C_/Users/Sara/.pico-sdk/sdk/2.1.0/src/rp2_common/pico_runtime_init/runtime_init.c.obj
 .ARM.attributes
                0x00000408       0x2c CMakeFiles/pwm_02.dir/C_/Users/Sara/.pico-sdk/sdk/2.1.0/src/rp2_common/pico_runtime_init/runtime_init_clocks.c.obj
 .ARM.attributes
                0x00000434       0x22 CMakeFiles/pwm_02.dir/C_/Users/Sara/.pico-sdk/sdk/2.1.0/src/rp2_common/pico_bit_ops/bit_ops_aeabi.S.obj
 .ARM.attributes
                0x00000456       0x22 CMakeFiles/pwm_02.dir/C_/Users/Sara/.pico-sdk/sdk/2.1.0/src/rp2_common/pico_divider/divider_hardware.S.obj
 .ARM.attributes
                0x00000478       0x22 CMakeFiles/pwm_02.dir/C_/Users/Sara/.pico-sdk/sdk/2.1.0/src/rp2_common/pico_double/double_aeabi_rp2040.S.obj
 .ARM.attributes
                0x0000049a       0x2c CMakeFiles/pwm_02.dir/C_/Users/Sara/.pico-sdk/sdk/2.1.0/src/rp2_common/pico_double/double_init_rom_rp2040.c.obj
 .ARM.attributes
                0x000004c6       0x22 CMakeFiles/pwm_02.dir/C_/Users/Sara/.pico-sdk/sdk/2.1.0/src/rp2_common/pico_double/double_v1_rom_shim_rp2040.S.obj
 .ARM.attributes
                0x000004e8       0x22 CMakeFiles/pwm_02.dir/C_/Users/Sara/.pico-sdk/sdk/2.1.0/src/rp2_common/pico_int64_ops/pico_int64_ops_aeabi.S.obj
 .ARM.attributes
                0x0000050a       0x22 CMakeFiles/pwm_02.dir/C_/Users/Sara/.pico-sdk/sdk/2.1.0/src/rp2_common/pico_float/float_aeabi_rp2040.S.obj
 .ARM.attributes
                0x0000052c       0x2c CMakeFiles/pwm_02.dir/C_/Users/Sara/.pico-sdk/sdk/2.1.0/src/rp2_common/pico_float/float_init_rom_rp2040.c.obj
 .ARM.attributes
                0x00000558       0x22 CMakeFiles/pwm_02.dir/C_/Users/Sara/.pico-sdk/sdk/2.1.0/src/rp2_common/pico_mem_ops/mem_ops_aeabi.S.obj
 .ARM.attributes
                0x0000057a       0x2c CMakeFiles/pwm_02.dir/C_/Users/Sara/.pico-sdk/sdk/2.1.0/src/rp2_common/pico_standard_binary_info/standard_binary_info.c.obj
 .ARM.attributes